Archive member included to satisfy reference by file (symbol)

Generated_Source\PSoC6\pdl\middleware\ble\lib\cy_ble_stack_gcc_host_ipc_cm4.a(CyBleStackMgrIP_Interface.o)
                              .\CortexM4\ARM_GCC_541\Debug\host_main.o (Cy_BLE_ProcessEvents)
Generated_Source\PSoC6\pdl\middleware\ble\lib\cy_ble_stack_gcc_host_ipc_cm4.a(BT_os.o)
                              Generated_Source\PSoC6\pdl\middleware\ble\lib\cy_ble_stack_gcc_host_ipc_cm4.a(CyBleStackMgrIP_Interface.o) (cyBleStackMemoryConfig)
Generated_Source\PSoC6\pdl\middleware\ble\lib\cy_ble_stack_gcc_host_ipc_cm4.a(CyBleStackMgr_StackTaskHandler.o)
                              Generated_Source\PSoC6\pdl\middleware\ble\lib\cy_ble_stack_gcc_host_ipc_cm4.a(CyBleStackMgrIP_Interface.o) (CyBle_CreateBleStackTask)
Generated_Source\PSoC6\pdl\middleware\ble\lib\cy_ble_stack_gcc_host_ipc_cm4.a(storage_pl.o)
                              Generated_Source\PSoC6\pdl\middleware\ble\lib\cy_ble_stack_gcc_host_ipc_cm4.a(CyBleStackMgrIP_Interface.o) (storage_manager_init)
Generated_Source\PSoC6\pdl\middleware\ble\lib\cy_ble_stack_gcc_host_ipc_cm4.a(mint_os.o)
                              Generated_Source\PSoC6\pdl\middleware\ble\lib\cy_ble_stack_gcc_host_ipc_cm4.a(CyBleStackMgrIP_Interface.o) (OS_init)
Generated_Source\PSoC6\pdl\middleware\ble\lib\cy_ble_stack_gcc_host_ipc_cm4.a(mint_os_queue.o)
                              Generated_Source\PSoC6\pdl\middleware\ble\lib\cy_ble_stack_gcc_host_ipc_cm4.a(mint_os.o) (OS_TOTAL_QUEUES)
Generated_Source\PSoC6\pdl\middleware\ble\lib\cy_ble_stack_gcc_host_ipc_cm4.a(mint_os_task.o)
                              Generated_Source\PSoC6\pdl\middleware\ble\lib\cy_ble_stack_gcc_host_ipc_cm4.a(mint_os.o) (idle_func_handler)
Generated_Source\PSoC6\pdl\middleware\ble\lib\cy_ble_stack_gcc_host_ipc_cm4.a(mint_buf_mgmt.o)
                              Generated_Source\PSoC6\pdl\middleware\ble\lib\cy_ble_stack_gcc_host_ipc_cm4.a(BT_os.o) (mint_buf_mgmt_allocate_buffer)
Generated_Source\PSoC6\pdl\middleware\ble\lib\cy_ble_stack_gcc_host_ipc_cm4.a(transport_ipc.o)
                              Generated_Source\PSoC6\pdl\middleware\ble\lib\cy_ble_stack_gcc_host_ipc_cm4.a(CyBleStackMgr_StackTaskHandler.o) (CyBleHost_HciIpcFreePktBuffer)
Generated_Source\PSoC6\pdl\middleware\ble\lib\cy_ble_stack_gcc_host_ipc_cm4.a(CyBleStackMgr_PSoCIPCHal.o)
                              Generated_Source\PSoC6\pdl\middleware\ble\lib\cy_ble_stack_gcc_host_ipc_cm4.a(transport_ipc.o) (CyBleHost_IPC_HAL_InitWithStaticMem)
Generated_Source\PSoC6\pdl\middleware\ble\lib\cy_ble_stack_gcc_host_ipc_cm4.a(host_main.o)
                              Generated_Source\PSoC6\pdl\middleware\ble\lib\cy_ble_stack_gcc_host_ipc_cm4.a(CyBleStackMgrIP_Interface.o) (CyBle_HostInit)
Generated_Source\PSoC6\pdl\middleware\ble\lib\cy_ble_stack_gcc_host_ipc_cm4.a(att_api.o)
                              Generated_Source\PSoC6\pdl\middleware\ble\lib\cy_ble_stack_gcc_host_ipc_cm4.a(host_main.o) (BT_att_register)
Generated_Source\PSoC6\pdl\middleware\ble\lib\cy_ble_stack_gcc_host_ipc_cm4.a(att_init.o)
                              Generated_Source\PSoC6\pdl\middleware\ble\lib\cy_ble_stack_gcc_host_ipc_cm4.a(att_api.o) (att_connections)
Generated_Source\PSoC6\pdl\middleware\ble\lib\cy_ble_stack_gcc_host_ipc_cm4.a(att_internal.o)
                              Generated_Source\PSoC6\pdl\middleware\ble\lib\cy_ble_stack_gcc_host_ipc_cm4.a(att_api.o) (att_get_fsm_event)
Generated_Source\PSoC6\pdl\middleware\ble\lib\cy_ble_stack_gcc_host_ipc_cm4.a(BT_common.o)
                              Generated_Source\PSoC6\pdl\middleware\ble\lib\cy_ble_stack_gcc_host_ipc_cm4.a(host_main.o) (BT_bluetooth_off)
Generated_Source\PSoC6\pdl\middleware\ble\lib\cy_ble_stack_gcc_host_ipc_cm4.a(device_queue.o)
                              Generated_Source\PSoC6\pdl\middleware\ble\lib\cy_ble_stack_gcc_host_ipc_cm4.a(host_main.o) (CyBle_DeviceQueueHeapDeInit)
Generated_Source\PSoC6\pdl\middleware\ble\lib\cy_ble_stack_gcc_host_ipc_cm4.a(l2cap.o)
                              Generated_Source\PSoC6\pdl\middleware\ble\lib\cy_ble_stack_gcc_host_ipc_cm4.a(host_main.o) (CyBle_L2capCB)
Generated_Source\PSoC6\pdl\middleware\ble\lib\cy_ble_stack_gcc_host_ipc_cm4.a(l2cap_disconnect.o)
                              Generated_Source\PSoC6\pdl\middleware\ble\lib\cy_ble_stack_gcc_host_ipc_cm4.a(l2cap.o) (l2ca_disconnect_req)
Generated_Source\PSoC6\pdl\middleware\ble\lib\cy_ble_stack_gcc_host_ipc_cm4.a(l2cap_init.o)
                              Generated_Source\PSoC6\pdl\middleware\ble\lib\cy_ble_stack_gcc_host_ipc_cm4.a(l2cap_disconnect.o) (l2cap_fixed_channel)
Generated_Source\PSoC6\pdl\middleware\ble\lib\cy_ble_stack_gcc_host_ipc_cm4.a(l2cap_utils.o)
                              Generated_Source\PSoC6\pdl\middleware\ble\lib\cy_ble_stack_gcc_host_ipc_cm4.a(l2cap_disconnect.o) (l2cap_buffer_dequeue)
Generated_Source\PSoC6\pdl\middleware\ble\lib\cy_ble_stack_gcc_host_ipc_cm4.a(l2cap_lmp.o)
[...]
Memory Configuration

Name             Origin             Length             Attributes
ram              0x08024000         0x00023800         xrw
flash            0x10080000         0x00080000         xr
em_eeprom        0x14000000         0x00008000         xr
sflash_user_data 0x16000800         0x00000800         xr
sflash_nar       0x16001a00         0x00000200         xr
sflash_public_key 0x16005a00         0x00000c00         xr
sflash_toc_2     0x16007c00         0x00000200         xr
sflash_rtoc_2    0x16007e00         0x00000200         xr
xip              0x18000000         0x08000000         xr
efuse            0x90700000         0x00100000         r
*default*        0x00000000         0xffffffff

Linker script and memory map

LOAD c:/program files (x86)/cypress/psoc creator/4.4/psoc creator/import/gnu/arm/5.4.1/bin/../lib/gcc/arm-none-eabi/5.4.1/armv7e-m/softfp/crti.o
LOAD c:/program files (x86)/cypress/psoc creator/4.4/psoc creator/import/gnu/arm/5.4.1/bin/../lib/gcc/arm-none-eabi/5.4.1/armv7e-m/softfp/crtbegin.o
LOAD c:/program files (x86)/cypress/psoc creator/4.4/psoc creator/import/gnu/arm/5.4.1/bin/../lib/gcc/arm-none-eabi/5.4.1/../../../../arm-none-eabi/lib/armv7e-m/softfp/crt0.o
START GROUP
LOAD Generated_Source\PSoC6\pdl\middleware\ble\lib\cy_ble_stack_gcc_host_ipc_cm4.a
LOAD .\CortexM4\ARM_GCC_541\Debug\startup_psoc6_01_cm4.o
LOAD .\CortexM4\ARM_GCC_541\Debug\main_cm4.o
LOAD .\CortexM4\ARM_GCC_541\Debug\system_psoc6_cm4.o
LOAD .\CortexM4\ARM_GCC_541\Debug\host_main.o
LOAD .\CortexM4\ARM_GCC_541\Debug\ias.o
LOAD .\CortexM4\ARM_GCC_541\Debug\user_interface.o
LOAD .\CortexM4\ARM_GCC_541\Debug\font.o
LOAD .\CortexM4\ARM_GCC_541\Debug\st7735.o
LOAD .\CortexM4\ARM_GCC_541\Debug\power.o
LOAD .\CortexM4\ARM_GCC_541\Debug\bq24298.o
LOAD .\CortexM4\ARM_GCC_541\Debug\my_i2c.o
LOAD .\CortexM4\ARM_GCC_541\Debug\vibe.o
LOAD .\CortexM4\ARM_GCC_541\Debug\temp.o
LOAD .\CortexM4\ARM_GCC_541\Debug\tens.o
LOAD .\CortexM4\ARM_GCC_541\Debug\debug.o
LOAD .\CortexM4\ARM_GCC_541\Debug\myUART.o
LOAD .\CortexM4\ARM_GCC_541\Debug\cyfitter_sysint_cfg.o
LOAD .\CortexM4\ARM_GCC_541\Debug\cymetadata.o
LOAD .\CortexM4\ARM_GCC_541\Debug\BLE.o
LOAD .\CortexM4\ARM_GCC_541\Debug\BLE_config.o
LOAD .\CortexM4\ARM_GCC_541\Debug\BLE_ias_config.o
LOAD .\CortexM4\ARM_GCC_541\Debug\BLE_custom_config.o
LOAD .\CortexM4\ARM_GCC_541\Debug\BLE_bas_config.o
LOAD .\CortexM4\ARM_GCC_541\Debug\SPI.o
LOAD .\CortexM4\ARM_GCC_541\Debug\PWM_TENS2.o
LOAD .\CortexM4\ARM_GCC_541\Debug\AMP_PWM.o
LOAD .\CortexM4\ARM_GCC_541\Debug\PWM_TENS.o
LOAD .\CortexM4\ARM_GCC_541\Debug\ADC.o
LOAD .\CortexM4\ARM_GCC_541\Debug\ADC_INT.o
LOAD .\CortexM4\ARM_GCC_541\Debug\ADC_INIT.o
LOAD .\CortexM4\ARM_GCC_541\Debug\ADC_PM.o
LOAD .\CortexM4\ARM_GCC_541\Debug\PWM_FAN.o
LOAD .\CortexM4\ARM_GCC_541\Debug\LCD_PWM.o
LOAD .\CortexM4\ARM_GCC_541\Debug\I2S.o
LOAD .\CortexM4\ARM_GCC_541\Debug\PWM_PEL1.o
LOAD .\CortexM4\ARM_GCC_541\Debug\PWM_PEL2.o
LOAD .\CortexM4\ARM_GCC_541\Debug\cy_efuse.o
LOAD .\CortexM4\ARM_GCC_541\Debug\cy_flash.o
LOAD .\CortexM4\ARM_GCC_541\Debug\cy_gpio.o
LOAD .\CortexM4\ARM_GCC_541\Debug\cy_i2s.o
LOAD .\CortexM4\ARM_GCC_541\Debug\cy_ipc_drv.o
LOAD .\CortexM4\ARM_GCC_541\Debug\cy_ipc_sema.o
LOAD .\CortexM4\ARM_GCC_541\Debug\cy_ipc_pipe.o
LOAD .\CortexM4\ARM_GCC_541\Debug\cy_lvd.o
LOAD .\CortexM4\ARM_GCC_541\Debug\cy_profile.o
LOAD .\CortexM4\ARM_GCC_541\Debug\cy_prot.o
LOAD .\CortexM4\ARM_GCC_541\Debug\cy_sar.o
LOAD .\CortexM4\ARM_GCC_541\Debug\cy_scb_common.o
LOAD .\CortexM4\ARM_GCC_541\Debug\cy_scb_i2c.o
LOAD .\CortexM4\ARM_GCC_541\Debug\cy_scb_ezi2c.o
LOAD .\CortexM4\ARM_GCC_541\Debug\cy_scb_spi.o
LOAD .\CortexM4\ARM_GCC_541\Debug\cy_scb_uart.o
LOAD .\CortexM4\ARM_GCC_541\Debug\cy_sysanalog.o
LOAD .\CortexM4\ARM_GCC_541\Debug\cy_sysclk.o
LOAD .\CortexM4\ARM_GCC_541\Debug\cy_sysint.o
LOAD .\CortexM4\ARM_GCC_541\Debug\cy_syslib.o
LOAD .\CortexM4\ARM_GCC_541\Debug\cy_syslib_gcc.o
LOAD .\CortexM4\ARM_GCC_541\Debug\cy_syspm.o
LOAD .\CortexM4\ARM_GCC_541\Debug\cy_systick.o
LOAD .\CortexM4\ARM_GCC_541\Debug\cy_tcpwm_counter.o
LOAD .\CortexM4\ARM_GCC_541\Debug\cy_tcpwm_pwm.o
LOAD .\CortexM4\ARM_GCC_541\Debug\cy_tcpwm_quaddec.o
LOAD .\CortexM4\ARM_GCC_541\Debug\cy_trigmux.o
LOAD .\CortexM4\ARM_GCC_541\Debug\cy_wdt.o
LOAD .\CortexM4\ARM_GCC_541\Debug\cy_device.o
LOAD .\CortexM4\ARM_GCC_541\Debug\cy_ble.o
LOAD .\CortexM4\ARM_GCC_541\Debug\cy_ble_hal_int.o
LOAD .\CortexM4\ARM_GCC_541\Debug\cy_ble_hal_pvt.o
LOAD .\CortexM4\ARM_GCC_541\Debug\cy_ble_gap.o
LOAD .\CortexM4\ARM_GCC_541\Debug\cy_ble_gatt.o
LOAD .\CortexM4\ARM_GCC_541\Debug\cy_ble_event_handler.o
LOAD .\CortexM4\ARM_GCC_541\Debug\cy_ble_ancs.o
LOAD .\CortexM4\ARM_GCC_541\Debug\cy_ble_ans.o
LOAD .\CortexM4\ARM_GCC_541\Debug\cy_ble_aios.o
LOAD .\CortexM4\ARM_GCC_541\Debug\cy_ble_bas.o
LOAD .\CortexM4\ARM_GCC_541\Debug\cy_ble_bcs.o
LOAD .\CortexM4\ARM_GCC_541\Debug\cy_ble_bls.o
LOAD .\CortexM4\ARM_GCC_541\Debug\cy_ble_bms.o
LOAD .\CortexM4\ARM_GCC_541\Debug\cy_ble_bts.o
LOAD .\CortexM4\ARM_GCC_541\Debug\cy_ble_cgms.o
LOAD .\CortexM4\ARM_GCC_541\Debug\cy_ble_cps.o
LOAD .\CortexM4\ARM_GCC_541\Debug\cy_ble_cscs.o
LOAD .\CortexM4\ARM_GCC_541\Debug\cy_ble_cts.o
LOAD .\CortexM4\ARM_GCC_541\Debug\cy_ble_custom.o
LOAD .\CortexM4\ARM_GCC_541\Debug\cy_ble_dis.o
LOAD .\CortexM4\ARM_GCC_541\Debug\cy_ble_ess.o
LOAD .\CortexM4\ARM_GCC_541\Debug\cy_ble_gls.o
LOAD .\CortexM4\ARM_GCC_541\Debug\cy_ble_hids.o
LOAD .\CortexM4\ARM_GCC_541\Debug\cy_ble_hps.o
LOAD .\CortexM4\ARM_GCC_541\Debug\cy_ble_hrs.o
LOAD .\CortexM4\ARM_GCC_541\Debug\cy_ble_hts.o
LOAD .\CortexM4\ARM_GCC_541\Debug\cy_ble_ias.o
LOAD .\CortexM4\ARM_GCC_541\Debug\cy_ble_ips.o
LOAD .\CortexM4\ARM_GCC_541\Debug\cy_ble_lls.o
LOAD .\CortexM4\ARM_GCC_541\Debug\cy_ble_lns.o
LOAD .\CortexM4\ARM_GCC_541\Debug\cy_ble_ndcs.o
LOAD .\CortexM4\ARM_GCC_541\Debug\cy_ble_plxs.o
LOAD .\CortexM4\ARM_GCC_541\Debug\cy_ble_pass.o
LOAD .\CortexM4\ARM_GCC_541\Debug\cy_ble_rscs.o
LOAD .\CortexM4\ARM_GCC_541\Debug\cy_ble_rtus.o
LOAD .\CortexM4\ARM_GCC_541\Debug\cy_ble_scps.o
LOAD .\CortexM4\ARM_GCC_541\Debug\cy_ble_tps.o
LOAD .\CortexM4\ARM_GCC_541\Debug\cy_ble_uds.o
LOAD .\CortexM4\ARM_GCC_541\Debug\cy_ble_wpts.o
LOAD .\CortexM4\ARM_GCC_541\Debug\cy_ble_wss.o
LOAD .\CortexM4\ARM_GCC_541\Debug\cy_ble_clk.o
END GROUP
START GROUP
LOAD c:/program files (x86)/cypress/psoc creator/4.4/psoc creator/import/gnu/arm/5.4.1/bin/../lib/gcc/arm-none-eabi/5.4.1/armv7e-m/softfp\libgcc.a
LOAD c:/program files (x86)/cypress/psoc creator/4.4/psoc creator/import/gnu/arm/5.4.1/bin/../lib/gcc/arm-none-eabi/5.4.1/../../../../arm-none-eabi/lib/armv7e-m/softfp\libg_nano.a
LOAD c:/program files (x86)/cypress/psoc creator/4.4/psoc creator/import/gnu/arm/5.4.1/bin/../lib/gcc/arm-none-eabi/5.4.1/../../../../arm-none-eabi/lib/armv7e-m/softfp\libc_nano.a
END GROUP
START GROUP
LOAD c:/program files (x86)/cypress/psoc creator/4.4/psoc creator/import/gnu/arm/5.4.1/bin/../lib/gcc/arm-none-eabi/5.4.1/armv7e-m/softfp\libgcc.a
LOAD c:/program files (x86)/cypress/psoc creator/4.4/psoc creator/import/gnu/arm/5.4.1/bin/../lib/gcc/arm-none-eabi/5.4.1/../../../../arm-none-eabi/lib/armv7e-m/softfp\libc_nano.a
END GROUP
LOAD c:/program files (x86)/cypress/psoc creator/4.4/psoc creator/import/gnu/arm/5.4.1/bin/../lib/gcc/arm-none-eabi/5.4.1/armv7e-m/softfp/crtend.o
LOAD c:/program files (x86)/cypress/psoc creator/4.4/psoc creator/import/gnu/arm/5.4.1/bin/../lib/gcc/arm-none-eabi/5.4.1/armv7e-m/softfp/crtn.o
START GROUP
LOAD c:/program files (x86)/cypress/psoc creator/4.4/psoc creator/import/gnu/arm/5.4.1/bin/../lib/gcc/arm-none-eabi/5.4.1/armv7e-m/softfp\libgcc.a
LOAD c:/program files (x86)/cypress/psoc creator/4.4/psoc creator/import/gnu/arm/5.4.1/bin/../lib/gcc/arm-none-eabi/5.4.1/../../../../arm-none-eabi/lib/armv7e-m/softfp\libc.a
LOAD c:/program files (x86)/cypress/psoc creator/4.4/psoc creator/import/gnu/arm/5.4.1/bin/../lib/gcc/arm-none-eabi/5.4.1/../../../../arm-none-eabi/lib/armv7e-m/softfp\libnosys.a
END GROUP
START GROUP
LOAD c:/program files (x86)/cypress/psoc creator/4.4/psoc creator/import/gnu/arm/5.4.1/bin/../lib/gcc/arm-none-eabi/5.4.1/armv7e-m/softfp\libgcc.a
LOAD c:/program files (x86)/cypress/psoc creator/4.4/psoc creator/import/gnu/arm/5.4.1/bin/../lib/gcc/arm-none-eabi/5.4.1/../../../../arm-none-eabi/lib/armv7e-m/softfp\libc.a
LOAD c:/program files (x86)/cypress/psoc creator/4.4/psoc creator/import/gnu/arm/5.4.1/bin/../lib/gcc/arm-none-eabi/5.4.1/../../../../arm-none-eabi/lib/armv7e-m/softfp\libm.a
LOAD c:/program files (x86)/cypress/psoc creator/4.4/psoc creator/import/gnu/arm/5.4.1/bin/../lib/gcc/arm-none-eabi/5.4.1/../../../../arm-none-eabi/lib/armv7e-m/softfp\libnosys.a
END GROUP

.text           0x10080000     0x63d4
                0x10080000                . = ALIGN (0x4)
                0x10080000                __Vectors = .
 *(.vectors)
 .vectors       0x10080000      0x28c .\CortexM4\ARM_GCC_541\Debug\startup_psoc6_01_cm4.o
                0x1008028c                . = ALIGN (0x4)
                0x1008028c                __Vectors_End = .
                0x0000028c                __Vectors_Size = (__Vectors_End - __Vectors)
                0x1008028c                __end__ = .
                0x1008028c                . = ALIGN (0x4)
 *(.text*)
 .text          0x1008028c       0x5c c:/program files (x86)/cypress/psoc creator/4.4/psoc creator/import/gnu/arm/5.4.1/bin/../lib/gcc/arm-none-eabi/5.4.1/armv7e-m/softfp/crtbegin.o
 .text          0x100802e8       0x84 .\CortexM4\ARM_GCC_541\Debug\startup_psoc6_01_cm4.o
                0x100802e8                Cy_OnResetUser
                0x100802ea                Reset_Handler
                0x1008034c                cpuss_interrupts_ipc_6_IRQHandler
                0x1008034c                DebugMon_Handler
                0x1008034c                tcpwm_1_interrupts_11_IRQHandler
                0x1008034c                cpuss_interrupts_ipc_0_IRQHandler
                0x1008034c                tcpwm_1_interrupts_15_IRQHandler
                0x1008034c                ioss_interrupts_gpio_13_IRQHandler
                0x1008034c                tcpwm_1_interrupts_13_IRQHandler
                0x1008034c                cpuss_interrupts_dw1_8_IRQHandler
                0x1008034c                tcpwm_0_interrupts_0_IRQHandler
                0x1008034c                SysTick_Handler
                0x1008034c                cpuss_interrupt_fm_IRQHandler
                0x1008034c                cpuss_interrupts_ipc_7_IRQHandler
                0x1008034c                tcpwm_1_interrupts_14_IRQHandler
                0x1008034c                cpuss_interrupts_dw0_5_IRQHandler
                0x1008034c                tcpwm_1_interrupts_9_IRQHandler
                0x1008034c                cpuss_interrupts_cm0_cti_1_IRQHandler
                0x1008034c                tcpwm_1_interrupts_22_IRQHandler
                0x1008034c                cpuss_interrupts_dw0_4_IRQHandler
                0x1008034c                PendSV_Handler
                0x1008034c                NMI_Handler
                0x1008034c                cpuss_interrupts_dw1_12_IRQHandler
                0x1008034c                tcpwm_1_interrupts_12_IRQHandler
                0x1008034c                smif_interrupt_IRQHandler
                0x1008034c                tcpwm_1_interrupts_2_IRQHandler
                0x1008034c                cpuss_interrupts_ipc_13_IRQHandler
                0x1008034c                udb_interrupts_11_IRQHandler
                0x1008034c                tcpwm_1_interrupts_18_IRQHandler
                0x1008034c                cpuss_interrupts_dw0_11_IRQHandler
                0x1008034c                tcpwm_0_interrupts_2_IRQHandler
                0x1008034c                cpuss_interrupts_dw0_13_IRQHandler
                0x1008034c                udb_interrupts_2_IRQHandler
                0x1008034c                cpuss_interrupts_dw1_7_IRQHandler
                0x1008034c                ioss_interrupts_gpio_1_IRQHandler
                0x1008034c                ioss_interrupts_gpio_7_IRQHandler
                0x1008034c                scb_5_interrupt_IRQHandler
                0x1008034c                udb_interrupts_6_IRQHandler
                0x1008034c                cpuss_interrupts_fault_1_IRQHandler
                0x1008034c                cpuss_interrupts_ipc_4_IRQHandler
                0x1008034c                cpuss_interrupts_ipc_5_IRQHandler
                0x1008034c                cpuss_interrupts_dw1_10_IRQHandler
                0x1008034c                udb_interrupts_0_IRQHandler
                0x1008034c                tcpwm_1_interrupts_6_IRQHandler
                0x1008034c                scb_4_interrupt_IRQHandler
                0x1008034c                pass_interrupt_dacs_IRQHandler
                0x1008034c                ioss_interrupts_gpio_2_IRQHandler
                0x1008034c                cpuss_interrupts_dw1_9_IRQHandler
                0x1008034c                cpuss_interrupts_dw1_13_IRQHandler
                0x1008034c                scb_2_interrupt_IRQHandler
                0x1008034c                cpuss_interrupts_cm0_cti_0_IRQHandler
                0x1008034c                udb_interrupts_5_IRQHandler
                0x1008034c                srss_interrupt_IRQHandler
                0x1008034c                udb_interrupts_12_IRQHandler
                0x1008034c                scb_0_interrupt_IRQHandler
                0x1008034c                csd_interrupt_IRQHandler
                0x1008034c                udb_interrupts_1_IRQHandler
                0x1008034c                profile_interrupt_IRQHandler
                0x1008034c                tcpwm_1_interrupts_1_IRQHandler
                0x1008034c                cpuss_interrupts_ipc_12_IRQHandler
                0x1008034c                tcpwm_1_interrupts_3_IRQHandler
                0x1008034c                tcpwm_0_interrupts_7_IRQHandler
                0x1008034c                cpuss_interrupts_dw1_1_IRQHandler
                0x1008034c                cpuss_interrupts_dw1_0_IRQHandler
                0x1008034c                cpuss_interrupts_dw0_9_IRQHandler
                0x1008034c                lpcomp_interrupt_IRQHandler
                0x1008034c                tcpwm_1_interrupts_23_IRQHandler
                0x1008034c                udb_interrupts_4_IRQHandler
                0x1008034c                tcpwm_1_interrupts_20_IRQHandler
                0x1008034c                ioss_interrupt_gpio_IRQHandler
                0x1008034c                tcpwm_0_interrupts_1_IRQHandler
                0x1008034c                ioss_interrupts_gpio_8_IRQHandler
                0x1008034c                tcpwm_0_interrupts_6_IRQHandler
                0x1008034c                scb_7_interrupt_IRQHandler
                0x1008034c                tcpwm_1_interrupts_7_IRQHandler
                0x1008034c                cpuss_interrupts_ipc_11_IRQHandler
                0x1008034c                udb_interrupts_13_IRQHandler
                0x1008034c                cpuss_interrupts_dw0_15_IRQHandler
                0x1008034c                udb_interrupts_7_IRQHandler
                0x1008034c                cpuss_interrupts_dw1_6_IRQHandler
                0x1008034c                cpuss_interrupt_crypto_IRQHandler
                0x1008034c                scb_1_interrupt_IRQHandler
                0x1008034c                Default_Handler
                0x1008034c                usb_interrupt_hi_IRQHandler
                0x1008034c                tcpwm_1_interrupts_0_IRQHandler
                0x1008034c                udb_interrupts_9_IRQHandler
                0x1008034c                audioss_interrupt_pdm_IRQHandler
                0x1008034c                srss_interrupt_mcwdt_0_IRQHandler
                0x1008034c                scb_3_interrupt_IRQHandler
                0x1008034c                pass_interrupt_ctbs_IRQHandler
                0x1008034c                udb_interrupts_8_IRQHandler
                0x1008034c                ioss_interrupts_gpio_3_IRQHandler
                0x1008034c                scb_6_interrupt_IRQHandler
                0x1008034c                cpuss_interrupts_cm4_cti_0_IRQHandler
                0x1008034c                cpuss_interrupts_dw1_3_IRQHandler
                0x1008034c                pass_interrupt_sar_IRQHandler
                0x1008034c                ioss_interrupts_gpio_0_IRQHandler
                0x1008034c                ioss_interrupts_gpio_14_IRQHandler
                0x1008034c                tcpwm_0_interrupts_4_IRQHandler
                0x1008034c                udb_interrupts_3_IRQHandler
                0x1008034c                tcpwm_0_interrupts_5_IRQHandler
                0x1008034c                cpuss_interrupts_ipc_15_IRQHandler
                0x1008034c                cpuss_interrupts_cm4_cti_1_IRQHandler
                0x1008034c                scb_8_interrupt_IRQHandler
                0x1008034c                srss_interrupt_mcwdt_1_IRQHandler
                0x1008034c                cpuss_interrupts_dw1_2_IRQHandler
                0x1008034c                SVC_Handler
                0x1008034c                cpuss_interrupts_dw1_5_IRQHandler
                0x1008034c                cpuss_interrupts_ipc_1_IRQHandler
                0x1008034c                cpuss_interrupts_dw0_0_IRQHandler
                0x1008034c                ioss_interrupts_gpio_12_IRQHandler
                0x1008034c                cpuss_interrupts_ipc_3_IRQHandler
                0x1008034c                tcpwm_1_interrupts_17_IRQHandler
                0x1008034c                srss_interrupt_backup_IRQHandler
                0x1008034c                bless_interrupt_IRQHandler
                0x1008034c                cpuss_interrupts_ipc_10_IRQHandler
                0x1008034c                cpuss_interrupts_ipc_9_IRQHandler
                0x1008034c                cpuss_interrupts_dw0_14_IRQHandler
                0x1008034c                tcpwm_1_interrupts_4_IRQHandler
                0x1008034c                tcpwm_0_interrupts_3_IRQHandler
                0x1008034c                cpuss_interrupts_dw1_15_IRQHandler
                0x1008034c                ioss_interrupts_gpio_10_IRQHandler
                0x1008034c                udb_interrupts_10_IRQHandler
                0x1008034c                cpuss_interrupts_dw0_8_IRQHandler
                0x1008034c                ioss_interrupts_gpio_11_IRQHandler
                0x1008034c                cpuss_interrupts_ipc_14_IRQHandler
                0x1008034c                ioss_interrupts_gpio_5_IRQHandler
                0x1008034c                ioss_interrupts_gpio_4_IRQHandler
                0x1008034c                tcpwm_1_interrupts_8_IRQHandler
                0x1008034c                cpuss_interrupts_dw1_14_IRQHandler
                0x1008034c                usb_interrupt_med_IRQHandler
                0x1008034c                cpuss_interrupts_dw0_2_IRQHandler
                0x1008034c                tcpwm_1_interrupts_10_IRQHandler
                0x1008034c                cpuss_interrupts_fault_0_IRQHandler
                0x1008034c                cpuss_interrupts_dw0_12_IRQHandler
                0x1008034c                ioss_interrupts_gpio_6_IRQHandler
                0x1008034c                tcpwm_1_interrupts_21_IRQHandler
                0x1008034c                tcpwm_1_interrupts_16_IRQHandler
                0x1008034c                cpuss_interrupts_dw1_4_IRQHandler
                0x1008034c                udb_interrupts_15_IRQHandler
                0x1008034c                cpuss_interrupts_dw1_11_IRQHandler
                0x1008034c                cpuss_interrupts_dw0_6_IRQHandler
                0x1008034c                ioss_interrupt_vdd_IRQHandler
                0x1008034c                cpuss_interrupts_dw0_7_IRQHandler
                0x1008034c                audioss_interrupt_i2s_IRQHandler
                0x1008034c                tcpwm_1_interrupts_5_IRQHandler
                0x1008034c                cpuss_interrupts_ipc_2_IRQHandler
                0x1008034c                cpuss_interrupts_dw0_10_IRQHandler
                0x1008034c                tcpwm_1_interrupts_19_IRQHandler
                0x1008034c                cpuss_interrupts_dw0_1_IRQHandler
                0x1008034c                ioss_interrupts_gpio_9_IRQHandler
                0x1008034c                usb_interrupt_lo_IRQHandler
                0x1008034c                cpuss_interrupts_ipc_8_IRQHandler
                0x1008034c                udb_interrupts_14_IRQHandler
                0x1008034c                cpuss_interrupts_dw0_3_IRQHandler
                0x10080350                UsageFault_Handler
                0x10080350                HardFault_Handler
                0x10080350                MemManage_Handler
                0x10080350                BusFault_Handler
 .text.WdtInterruptHandler
                0x1008036c       0x38 .\CortexM4\ARM_GCC_541\Debug\main_cm4.o
                0x1008036c                WdtInterruptHandler
 .text.InitializeWDT
                0x100803a4       0x68 .\CortexM4\ARM_GCC_541\Debug\main_cm4.o
                0x100803a4                InitializeWDT
 .text.main     0x1008040c       0x24 .\CortexM4\ARM_GCC_541\Debug\main_cm4.o
                0x1008040c                main
 .text.Cy_SysIpcPipeIsrCm4
                0x10080430        0xc .\CortexM4\ARM_GCC_541\Debug\system_psoc6_cm4.o
                0x10080430                Cy_SysIpcPipeIsrCm4
 .text.Cy_SystemInit
                0x1008043c        0x4 .\CortexM4\ARM_GCC_541\Debug\system_psoc6_cm4.o
                0x1008043c                Cy_SystemInit
 .text.SystemCoreClockUpdate
                0x10080440      0x190 .\CortexM4\ARM_GCC_541\Debug\system_psoc6_cm4.o
                0x10080440                SystemCoreClockUpdate
 .text.SystemInit
                0x100805d0       0x48 .\CortexM4\ARM_GCC_541\Debug\system_psoc6_cm4.o
                0x100805d0                SystemInit
 .text.Cy_SystemInitFpuEnable
                0x10080618       0x28 .\CortexM4\ARM_GCC_541\Debug\system_psoc6_cm4.o
                0x10080618                Cy_SystemInitFpuEnable
 .text.AppCallBack
                0x10080640      0x130 .\CortexM4\ARM_GCC_541\Debug\host_main.o
                0x10080640                AppCallBack
 .text.HostMain
                0x10080770       0x54 .\CortexM4\ARM_GCC_541\Debug\host_main.o
                0x10080770                HostMain
 .text.IasEventHandler
                0x100807c4       0x1c .\CortexM4\ARM_GCC_541\Debug\ias.o
                0x100807c4                IasEventHandler
 .text.IasInit  0x100807e0       0x10 .\CortexM4\ARM_GCC_541\Debug\ias.o
                0x100807e0                IasInit
 .text.IasSetAlertLevel
                0x100807f0        0xc .\CortexM4\ARM_GCC_541\Debug\ias.o
                0x100807f0                IasSetAlertLevel
 .text.IasGetAlertLevel
                0x100807fc        0xc .\CortexM4\ARM_GCC_541\Debug\ias.o
                0x100807fc                IasGetAlertLevel
 .text.ui_timer
                0x10080808       0x7c .\CortexM4\ARM_GCC_541\Debug\user_interface.o
                0x10080808                ui_timer
 .text.ui_draw_splash_screen
                0x10080884       0x34 .\CortexM4\ARM_GCC_541\Debug\user_interface.o
                0x10080884                ui_draw_splash_screen
 .text.ui_draw_title
                0x100808b8       0x30 .\CortexM4\ARM_GCC_541\Debug\user_interface.o
                0x100808b8                ui_draw_title
 .text.ui_draw_buttons
                0x100808e8       0xb4 .\CortexM4\ARM_GCC_541\Debug\user_interface.o
                0x100808e8                ui_draw_buttons
 .text.ui_draw_select_window
                0x1008099c       0x7c .\CortexM4\ARM_GCC_541\Debug\user_interface.o
                0x1008099c                ui_draw_select_window
 .text.ui_clear_icon
                0x10080a18       0x24 .\CortexM4\ARM_GCC_541\Debug\user_interface.o
                0x10080a18                ui_clear_icon
 .text.ui_draw_icon_text
                0x10080a3c       0x7c .\CortexM4\ARM_GCC_541\Debug\user_interface.o
                0x10080a3c                ui_draw_icon_text
 .text.ui_draw_icons
                0x10080ab8       0xf0 .\CortexM4\ARM_GCC_541\Debug\user_interface.o
                0x10080ab8                ui_draw_icons
 .text.ui_draw_diag
                0x10080ba8      0x234 .\CortexM4\ARM_GCC_541\Debug\user_interface.o
                0x10080ba8                ui_draw_diag
 .text.ui_tens_task
                0x10080ddc       0xa0 .\CortexM4\ARM_GCC_541\Debug\user_interface.o
                0x10080ddc                ui_tens_task
 .text.ui_settings_tens_freq
                0x10080e7c       0x88 .\CortexM4\ARM_GCC_541\Debug\user_interface.o
                0x10080e7c                ui_settings_tens_freq
 .text.ui_settings_tens_dur
                0x10080f04       0x84 .\CortexM4\ARM_GCC_541\Debug\user_interface.o
                0x10080f04                ui_settings_tens_dur
 .text.ui_settings_tens_amp
                0x10080f88       0xc8 .\CortexM4\ARM_GCC_541\Debug\user_interface.o
                0x10080f88                ui_settings_tens_amp
 .text.ui_vibe_task
                0x10081050       0x60 .\CortexM4\ARM_GCC_541\Debug\user_interface.o
                0x10081050                ui_vibe_task
 .text.ui_settings_vibe_amp
                0x100810b0       0x40 .\CortexM4\ARM_GCC_541\Debug\user_interface.o
                0x100810b0                ui_settings_vibe_amp
 .text.ui_settings_temp
                0x100810f0       0x34 .\CortexM4\ARM_GCC_541\Debug\user_interface.o
                0x100810f0                ui_settings_temp
 .text.ui_settings
                0x10081124       0x3c .\CortexM4\ARM_GCC_541\Debug\user_interface.o
                0x10081124                ui_settings
 .text.ui_menu_task
                0x10081160      0x198 .\CortexM4\ARM_GCC_541\Debug\user_interface.o
                0x10081160                ui_menu_task
 .text.ui_task  0x100812f8      0x100 .\CortexM4\ARM_GCC_541\Debug\user_interface.o
                0x100812f8                ui_task
 .text.InitUserInterface
                0x100813f8        0xc .\CortexM4\ARM_GCC_541\Debug\user_interface.o
                0x100813f8                InitUserInterface
 .text.UpdateLedState
                0x10081404       0x18 .\CortexM4\ARM_GCC_541\Debug\user_interface.o
                0x10081404                UpdateLedState
 .text._delay_ms
                0x1008141c        0x8 .\CortexM4\ARM_GCC_541\Debug\st7735.o
                0x1008141c                _delay_ms
 .text.pgm_read_byte
                0x10081424        0x4 .\CortexM4\ARM_GCC_541\Debug\st7735.o
                0x10081424                pgm_read_byte
 .text.ST7735_Reset
                0x10081428       0x10 .\CortexM4\ARM_GCC_541\Debug\st7735.o
                0x10081428                ST7735_Reset
 .text.ST7735_SPI_Init
                0x10081438       0x24 .\CortexM4\ARM_GCC_541\Debug\st7735.o
                0x10081438                ST7735_SPI_Init
 .text.ST7735_CommandSend
                0x1008145c       0x94 .\CortexM4\ARM_GCC_541\Debug\st7735.o
                0x1008145c                ST7735_CommandSend
 .text.ST7735_Data8BitsSend
                0x100814f0       0x94 .\CortexM4\ARM_GCC_541\Debug\st7735.o
                0x100814f0                ST7735_Data8BitsSend
 .text.ST7735_Data16BitsSend
                0x10081584       0xb0 .\CortexM4\ARM_GCC_541\Debug\st7735.o
                0x10081584                ST7735_Data16BitsSend
 .text.ST7735_SetWindow
                0x10081634       0x64 .\CortexM4\ARM_GCC_541\Debug\st7735.o
                0x10081634                ST7735_SetWindow
 .text.ST7735_SendColor565
                0x10081698       0x20 .\CortexM4\ARM_GCC_541\Debug\st7735.o
                0x10081698                ST7735_SendColor565
 .text.ST7735_DrawPixel
                0x100816b8       0x18 .\CortexM4\ARM_GCC_541\Debug\st7735.o
                0x100816b8                ST7735_DrawPixel
 .text.ST7735_RAM_Content_Show
                0x100816d0        0xc .\CortexM4\ARM_GCC_541\Debug\st7735.o
                0x100816d0                ST7735_RAM_Content_Show
 .text.ST7735_ClearScreen
                0x100816dc       0x1c .\CortexM4\ARM_GCC_541\Debug\st7735.o
                0x100816dc                ST7735_ClearScreen
 .text.ST7735_DrawChar
                0x100816f8      0x1a8 .\CortexM4\ARM_GCC_541\Debug\st7735.o
                0x100816f8                ST7735_DrawChar
 .text.ST7735_SetPosition
                0x100818a0       0x30 .\CortexM4\ARM_GCC_541\Debug\st7735.o
                0x100818a0                ST7735_SetPosition
 .text.ST7735_CheckPosition
                0x100818d0       0x2c .\CortexM4\ARM_GCC_541\Debug\st7735.o
                0x100818d0                ST7735_CheckPosition
 .text.ST7735_DrawString
                0x100818fc       0x50 .\CortexM4\ARM_GCC_541\Debug\st7735.o
                0x100818fc                ST7735_DrawString
 .text.ST7735_DrawLine
                0x1008194c       0xd0 .\CortexM4\ARM_GCC_541\Debug\st7735.o
                0x1008194c                ST7735_DrawLine
 .text.ST7735_DrawRectangle
                0x10081a1c       0x40 .\CortexM4\ARM_GCC_541\Debug\st7735.o
                0x10081a1c                ST7735_DrawRectangle
 .text.ST7735_DelayMs
                0x10081a5c       0x18 .\CortexM4\ARM_GCC_541\Debug\st7735.o
                0x10081a5c                ST7735_DelayMs
 .text.ST7735_Commands
                0x10081a74       0x60 .\CortexM4\ARM_GCC_541\Debug\st7735.o
                0x10081a74                ST7735_Commands
 .text.ST7735_Init
                0x10081ad4       0x18 .\CortexM4\ARM_GCC_541\Debug\st7735.o
                0x10081ad4                ST7735_Init
 .text.power_timer
                0x10081aec       0x14 .\CortexM4\ARM_GCC_541\Debug\power.o
                0x10081aec                power_timer
 .text.power_flags_update
                0x10081b00       0x28 .\CortexM4\ARM_GCC_541\Debug\power.o
                0x10081b00                power_flags_update
 .text.power_init
                0x10081b28       0x30 .\CortexM4\ARM_GCC_541\Debug\power.o
                0x10081b28                power_init
 .text.power_wakeup
                0x10081b58       0x1c .\CortexM4\ARM_GCC_541\Debug\power.o
                0x10081b58                power_wakeup
 .text.power_task
                0x10081b74       0x7c .\CortexM4\ARM_GCC_541\Debug\power.o
                0x10081b74                power_task
 .text.power_i2c_read_reg
                0x10081bf0       0x48 .\CortexM4\ARM_GCC_541\Debug\power.o
                0x10081bf0                power_i2c_read_reg
 .text.power_get_diag_data
                0x10081c38       0x18 .\CortexM4\ARM_GCC_541\Debug\power.o
                0x10081c38                power_get_diag_data
 .text.power_i2c_write_reg
                0x10081c50       0x24 .\CortexM4\ARM_GCC_541\Debug\power.o
                0x10081c50                power_i2c_write_reg
 .text.power_5v_on
                0x10081c74       0x28 .\CortexM4\ARM_GCC_541\Debug\power.o
                0x10081c74                power_5v_on
 .text.power_5v_off
                0x10081c9c       0x28 .\CortexM4\ARM_GCC_541\Debug\power.o
                0x10081c9c                power_5v_off
 .text.I2C_SCL_Read
                0x10081cc4       0x10 .\CortexM4\ARM_GCC_541\Debug\power.o
                0x10081cc4                I2C_SCL_Read
 .text.I2C_SDA_Read
                0x10081cd4       0x10 .\CortexM4\ARM_GCC_541\Debug\power.o
                0x10081cd4                I2C_SDA_Read
 .text.I2C_SCL_Write
                0x10081ce4       0x2c .\CortexM4\ARM_GCC_541\Debug\power.o
                0x10081ce4                I2C_SCL_Write
 .text.I2C_SDA_Write
                0x10081d10       0x2c .\CortexM4\ARM_GCC_541\Debug\power.o
                0x10081d10                I2C_SDA_Write
 .text.bq24298_write_reg
                0x10081d3c        0xc .\CortexM4\ARM_GCC_541\Debug\bq24298.o
                0x10081d3c                bq24298_write_reg
 .text.bq24298_init
                0x10081d48       0x2c .\CortexM4\ARM_GCC_541\Debug\bq24298.o
                0x10081d48                bq24298_init
 .text.myI2C_SCLidle
                0x10081d74       0x24 .\CortexM4\ARM_GCC_541\Debug\my_i2c.o
                0x10081d74                myI2C_SCLidle
 .text.myI2C_SDAidle
                0x10081d98       0x24 .\CortexM4\ARM_GCC_541\Debug\my_i2c.o
                0x10081d98                myI2C_SDAidle
 .text.myI2C_I2CMasterSendStop
                0x10081dbc       0x54 .\CortexM4\ARM_GCC_541\Debug\my_i2c.o
                0x10081dbc                myI2C_I2CMasterSendStop
 .text.myI2C_I2CMasterClearStatus
                0x10081e10       0x20 .\CortexM4\ARM_GCC_541\Debug\my_i2c.o
                0x10081e10                myI2C_I2CMasterClearStatus
 .text.myI2C_Start
                0x10081e30        0x8 .\CortexM4\ARM_GCC_541\Debug\my_i2c.o
                0x10081e30                myI2C_Start
 .text.myI2C_I2CMasterWriteByte
                0x10081e38       0x70 .\CortexM4\ARM_GCC_541\Debug\my_i2c.o
                0x10081e38                myI2C_I2CMasterWriteByte
 .text.myI2C_I2CMasterSendRestart
                0x10081ea8       0xac .\CortexM4\ARM_GCC_541\Debug\my_i2c.o
                0x10081ea8                myI2C_I2CMasterSendRestart
 .text.myI2C_I2CMasterSendStart
                0x10081f54       0x18 .\CortexM4\ARM_GCC_541\Debug\my_i2c.o
                0x10081f54                myI2C_I2CMasterSendStart
 .text.myI2C_I2CMasterReadByte
                0x10081f6c       0x6c .\CortexM4\ARM_GCC_541\Debug\my_i2c.o
                0x10081f6c                myI2C_I2CMasterReadByte
 .text.Cy_BLE_Start
                0x10081fd8       0x38 .\CortexM4\ARM_GCC_541\Debug\BLE.o
                0x10081fd8                Cy_BLE_Start
 .text.Cy_BLE_Stop
                0x10082010        0x8 .\CortexM4\ARM_GCC_541\Debug\BLE.o
                0x10082010                Cy_BLE_Stop
 .text.PWM_TENS_Start
                0x10082018       0x30 .\CortexM4\ARM_GCC_541\Debug\PWM_TENS.o
                0x10082018                PWM_TENS_Start
 .text.PWM_FAN_Start
                0x10082048       0x30 .\CortexM4\ARM_GCC_541\Debug\PWM_FAN.o
                0x10082048                PWM_FAN_Start
 .text.LCD_PWM_Start
                0x10082078       0x30 .\CortexM4\ARM_GCC_541\Debug\LCD_PWM.o
                0x10082078                LCD_PWM_Start
 .text.Cy_Flash_ProcessOpcode
                0x100820a8       0xac .\CortexM4\ARM_GCC_541\Debug\cy_flash.o
 .text.Cy_Flash_OperationStatus
                0x10082154       0x5c .\CortexM4\ARM_GCC_541\Debug\cy_flash.o
 .text.Cy_Flash_InitExt
                0x100821b0       0x80 .\CortexM4\ARM_GCC_541\Debug\cy_flash.o
                0x100821b0                Cy_Flash_InitExt
 .text.Cy_Flash_Init
                0x10082230       0x10 .\CortexM4\ARM_GCC_541\Debug\cy_flash.o
                0x10082230                Cy_Flash_Init
 .text.Cy_IPC_Drv_LockRelease
                0x10082240       0x3c .\CortexM4\ARM_GCC_541\Debug\cy_ipc_drv.o
                0x10082240                Cy_IPC_Drv_LockRelease
 .text.Cy_IPC_Drv_SendMsgWord
                0x1008227c       0x3c .\CortexM4\ARM_GCC_541\Debug\cy_ipc_drv.o
                0x1008227c                Cy_IPC_Drv_SendMsgWord
 .text.Cy_IPC_Drv_ReadMsgWord
                0x100822b8       0x38 .\CortexM4\ARM_GCC_541\Debug\cy_ipc_drv.o
                0x100822b8                Cy_IPC_Drv_ReadMsgWord
 .text.Cy_IPC_Sema_InitExt
                0x100822f0       0xac .\CortexM4\ARM_GCC_541\Debug\cy_ipc_sema.o
                0x100822f0                Cy_IPC_Sema_InitExt
 .text.Cy_IPC_Sema_Init
                0x1008239c       0x64 .\CortexM4\ARM_GCC_541\Debug\cy_ipc_sema.o
                0x1008239c                Cy_IPC_Sema_Init
 .text.Cy_IPC_Sema_Clear
                0x10082400       0x88 .\CortexM4\ARM_GCC_541\Debug\cy_ipc_sema.o
                0x10082400                Cy_IPC_Sema_Clear
 .text.Cy_IPC_Sema_Status
                0x10082488       0x40 .\CortexM4\ARM_GCC_541\Debug\cy_ipc_sema.o
                0x10082488                Cy_IPC_Sema_Status
 .text.Cy_IPC_Pipe_Config
                0x100824c8       0x10 .\CortexM4\ARM_GCC_541\Debug\cy_ipc_pipe.o
                0x100824c8                Cy_IPC_Pipe_Config
 .text.Cy_IPC_Pipe_EndpointInit
                0x100824d8       0xd0 .\CortexM4\ARM_GCC_541\Debug\cy_ipc_pipe.o
                0x100824d8                Cy_IPC_Pipe_EndpointInit
 .text.Cy_IPC_Pipe_Init
                0x100825a8       0xb4 .\CortexM4\ARM_GCC_541\Debug\cy_ipc_pipe.o
                0x100825a8                Cy_IPC_Pipe_Init
 .text.Cy_IPC_Pipe_SendMessage
                0x1008265c       0xa4 .\CortexM4\ARM_GCC_541\Debug\cy_ipc_pipe.o
                0x1008265c                Cy_IPC_Pipe_SendMessage
 .text.Cy_IPC_Pipe_RegisterCallback
                0x10082700       0x50 .\CortexM4\ARM_GCC_541\Debug\cy_ipc_pipe.o
                0x10082700                Cy_IPC_Pipe_RegisterCallback
 .text.Cy_IPC_Pipe_RegisterCallbackRel
                0x10082750       0x2c .\CortexM4\ARM_GCC_541\Debug\cy_ipc_pipe.o
                0x10082750                Cy_IPC_Pipe_RegisterCallbackRel
 .text.Cy_IPC_Pipe_ExecCallback
                0x1008277c       0xbc .\CortexM4\ARM_GCC_541\Debug\cy_ipc_pipe.o
                0x1008277c                Cy_IPC_Pipe_ExecCallback
 .text.Cy_IPC_Pipe_ExecuteCallback
                0x10082838       0x2c .\CortexM4\ARM_GCC_541\Debug\cy_ipc_pipe.o
                0x10082838                Cy_IPC_Pipe_ExecuteCallback
 .text.Cy_IPC_Pipe_EndpointPause
                0x10082864       0x54 .\CortexM4\ARM_GCC_541\Debug\cy_ipc_pipe.o
                0x10082864                Cy_IPC_Pipe_EndpointPause
 .text.Cy_IPC_Pipe_EndpointResume
                0x100828b8       0x48 .\CortexM4\ARM_GCC_541\Debug\cy_ipc_pipe.o
                0x100828b8                Cy_IPC_Pipe_EndpointResume
 .text.Cy_SCB_Write
                0x10082900       0x28 .\CortexM4\ARM_GCC_541\Debug\cy_scb_common.o
                0x10082900                Cy_SCB_Write
 .text.Cy_SCB_WriteArrayNoCheck
                0x10082928       0x38 .\CortexM4\ARM_GCC_541\Debug\cy_scb_common.o
                0x10082928                Cy_SCB_WriteArrayNoCheck
 .text.Cy_SCB_WriteArray
                0x10082960       0x2c .\CortexM4\ARM_GCC_541\Debug\cy_scb_common.o
                0x10082960                Cy_SCB_WriteArray
 .text.Cy_SCB_SPI_Init
                0x1008298c      0x268 .\CortexM4\ARM_GCC_541\Debug\cy_scb_spi.o
                0x1008298c                Cy_SCB_SPI_Init
 .text.Cy_SysInt_SetVector
                0x10082bf4       0x48 .\CortexM4\ARM_GCC_541\Debug\cy_sysint.o
                0x10082bf4                Cy_SysInt_SetVector
 .text.Cy_SysInt_Init
                0x10082c3c       0x74 .\CortexM4\ARM_GCC_541\Debug\cy_sysint.o
                0x10082c3c                Cy_SysInt_Init
 .text.Cy_SysLib_Delay
                0x10082cb0       0x30 .\CortexM4\ARM_GCC_541\Debug\cy_syslib.o
                0x10082cb0                Cy_SysLib_Delay
 .text.Cy_SysLib_DelayUs
                0x10082ce0       0x14 .\CortexM4\ARM_GCC_541\Debug\cy_syslib.o
                0x10082ce0                Cy_SysLib_DelayUs
 .text.Cy_SysLib_Halt
                0x10082cf4        0x4 .\CortexM4\ARM_GCC_541\Debug\cy_syslib.o
                0x10082cf4                Cy_SysLib_Halt
 .text.Cy_SysLib_AssertFailed
                0x10082cf8       0x1c .\CortexM4\ARM_GCC_541\Debug\cy_syslib.o
                0x10082cf8                Cy_SysLib_AssertFailed
 .text.Cy_SysLib_ProcessingFault
                0x10082d14        0x4 .\CortexM4\ARM_GCC_541\Debug\cy_syslib.o
                0x10082d14                Cy_SysLib_ProcessingFault
 .text.Cy_SysLib_FaultHandler
                0x10082d18       0xa4 .\CortexM4\ARM_GCC_541\Debug\cy_syslib.o
                0x10082d18                Cy_SysLib_FaultHandler
 *fill*         0x10082dbc        0x4 
 .text          0x10082dc0       0x20 .\CortexM4\ARM_GCC_541\Debug\cy_syslib_gcc.o
                0x10082dc0                Cy_SysLib_DelayCycles
                0x10082dd2                Cy_SysLib_EnterCriticalSection
                0x10082dda                Cy_SysLib_ExitCriticalSection
 .text.Cy_SysPm_SetHibernateWakeupSource
                0x10082de0       0x68 .\CortexM4\ARM_GCC_541\Debug\cy_syspm.o
                0x10082de0                Cy_SysPm_SetHibernateWakeupSource
 .text.Cy_SysPm_RegisterCallback
                0x10082e48       0x5c .\CortexM4\ARM_GCC_541\Debug\cy_syspm.o
                0x10082e48                Cy_SysPm_RegisterCallback
 .text.Cy_SysPm_UnregisterCallback
                0x10082ea4       0x68 .\CortexM4\ARM_GCC_541\Debug\cy_syspm.o
                0x10082ea4                Cy_SysPm_UnregisterCallback
 .text.Cy_SysPm_ExecuteCallback
                0x10082f0c       0xc8 .\CortexM4\ARM_GCC_541\Debug\cy_syspm.o
                0x10082f0c                Cy_SysPm_ExecuteCallback
 .text.Cy_SysPm_CpuEnterSleep
                0x10082fd4       0x94 .\CortexM4\ARM_GCC_541\Debug\cy_syspm.o
                0x10082fd4                Cy_SysPm_CpuEnterSleep
 .text.Cy_SysPm_SystemEnterHibernate
                0x10083068       0x74 .\CortexM4\ARM_GCC_541\Debug\cy_syspm.o
                0x10083068                Cy_SysPm_SystemEnterHibernate
 .text.Cy_SysPm_IoUnfreeze
                0x100830dc       0x2c .\CortexM4\ARM_GCC_541\Debug\cy_syspm.o
                0x100830dc                Cy_SysPm_IoUnfreeze
 .text.Cy_TCPWM_PWM_Init
                0x10083108      0x16c .\CortexM4\ARM_GCC_541\Debug\cy_tcpwm_pwm.o
                0x10083108                Cy_TCPWM_PWM_Init
 .text.Cy_WDT_Locked
                0x10083274       0x14 .\CortexM4\ARM_GCC_541\Debug\cy_wdt.o
 .text.Cy_WDT_Lock
                0x10083288       0x14 .\CortexM4\ARM_GCC_541\Debug\cy_wdt.o
                0x10083288                Cy_WDT_Lock
 .text.Cy_WDT_Unlock
                0x1008329c       0x24 .\CortexM4\ARM_GCC_541\Debug\cy_wdt.o
                0x1008329c                Cy_WDT_Unlock
 .text.Cy_WDT_SetMatch
                0x100832c0       0x34 .\CortexM4\ARM_GCC_541\Debug\cy_wdt.o
                0x100832c0                Cy_WDT_SetMatch
 .text.Cy_WDT_SetIgnoreBits
                0x100832f4       0x38 .\CortexM4\ARM_GCC_541\Debug\cy_wdt.o
                0x100832f4                Cy_WDT_SetIgnoreBits
 .text.Cy_WDT_ClearInterrupt
                0x1008332c       0x14 .\CortexM4\ARM_GCC_541\Debug\cy_wdt.o
                0x1008332c                Cy_WDT_ClearInterrupt
 .text.Cy_PDL_Init
                0x10083340        0xc .\CortexM4\ARM_GCC_541\Debug\cy_device.o
                0x10083340                Cy_PDL_Init
 .text.Cy_BLE_DeepSleepCallback
                0x1008334c       0x88 .\CortexM4\ARM_GCC_541\Debug\cy_ble.o
                0x1008334c                Cy_BLE_DeepSleepCallback
 .text.Cy_BLE_SleepCallback
                0x100833d4       0x64 .\CortexM4\ARM_GCC_541\Debug\cy_ble.o
                0x100833d4                Cy_BLE_SleepCallback
 .text.Cy_BLE_UnregisterHostPMCallbacks
                0x10083438       0x18 .\CortexM4\ARM_GCC_541\Debug\cy_ble.o
                0x10083438                Cy_BLE_UnregisterHostPMCallbacks
 .text.Cy_BLE_Init
                0x10083450       0x44 .\CortexM4\ARM_GCC_541\Debug\cy_ble.o
                0x10083450                Cy_BLE_Init
 .text.Cy_BLE_Enable
                0x10083494      0x118 .\CortexM4\ARM_GCC_541\Debug\cy_ble.o
                0x10083494                Cy_BLE_Enable
 .text.Cy_BLE_Disable
                0x100835ac        0x8 .\CortexM4\ARM_GCC_541\Debug\cy_ble.o
                0x100835ac                Cy_BLE_Disable
 .text.Cy_BLE_IPC_HostMsgFlushRecvCallBack
                0x100835b4       0x1c .\CortexM4\ARM_GCC_541\Debug\cy_ble_hal_pvt.o
 .text.Cy_BLE_IPC_HostMsgRecvCallBack
                0x100835d0       0x1c .\CortexM4\ARM_GCC_541\Debug\cy_ble_hal_pvt.o
 .text.Cy_BLE_HAL_BlockCalcCRC8
                0x100835ec       0x34 .\CortexM4\ARM_GCC_541\Debug\cy_ble_hal_pvt.o
                0x100835ec                Cy_BLE_HAL_BlockCalcCRC8
 .text.Cy_BLE_HAL_EnterCriticalSection
                0x10083620        0x8 .\CortexM4\ARM_GCC_541\Debug\cy_ble_hal_pvt.o
                0x10083620                Cy_BLE_HAL_EnterCriticalSection
 .text.Cy_BLE_HAL_ExitCriticalSection
                0x10083628        0x8 .\CortexM4\ARM_GCC_541\Debug\cy_ble_hal_pvt.o
                0x10083628                Cy_BLE_HAL_ExitCriticalSection
 .text.Cy_BLE_HAL_EnableHostIpcPipeInterrupt
                0x10083630        0xc .\CortexM4\ARM_GCC_541\Debug\cy_ble_hal_pvt.o
                0x10083630                Cy_BLE_HAL_EnableHostIpcPipeInterrupt
 .text.Cy_BLE_HAL_DisableHostIpcPipeInterrupt
                0x1008363c        0xc .\CortexM4\ARM_GCC_541\Debug\cy_ble_hal_pvt.o
                0x1008363c                Cy_BLE_HAL_DisableHostIpcPipeInterrupt
 .text.Cy_BLE_IPC_HostRegisterClientCallbacks
                0x10083648       0x34 .\CortexM4\ARM_GCC_541\Debug\cy_ble_hal_pvt.o
                0x10083648                Cy_BLE_IPC_HostRegisterClientCallbacks
 .text.Cy_BLE_IPC_SendMessageToController
                0x1008367c       0x20 .\CortexM4\ARM_GCC_541\Debug\cy_ble_hal_pvt.o
                0x1008367c                Cy_BLE_IPC_SendMessageToController
 .text.Cy_BLE_HAL_EccHeapInit
                0x1008369c        0x4 .\CortexM4\ARM_GCC_541\Debug\cy_ble_hal_pvt.o
                0x1008369c                Cy_BLE_HAL_EccHeapInit
 .text.Cy_BLE_HAL_EccHeapDeInit
                0x100836a0        0x4 .\CortexM4\ARM_GCC_541\Debug\cy_ble_hal_pvt.o
                0x100836a0                Cy_BLE_HAL_EccHeapDeInit
 .text.Cy_BLE_HAL_EccGetFeatureHeapReq
                0x100836a4        0x4 .\CortexM4\ARM_GCC_541\Debug\cy_ble_hal_pvt.o
                0x100836a4                Cy_BLE_HAL_EccGetFeatureHeapReq
 .text.Cy_BLE_HAL_PairingLocalPublicKeyHandler
                0x100836a8        0x8 .\CortexM4\ARM_GCC_541\Debug\cy_ble_hal_pvt.o
                0x100836a8                Cy_BLE_HAL_PairingLocalPublicKeyHandler
 .text.Cy_BLE_HAL_PairingRemoteKeyHandler
                0x100836b0        0x8 .\CortexM4\ARM_GCC_541\Debug\cy_ble_hal_pvt.o
                0x100836b0                Cy_BLE_HAL_PairingRemoteKeyHandler
 .text.Cy_BLE_HAL_PairingDhkeyHandler
                0x100836b8        0x8 .\CortexM4\ARM_GCC_541\Debug\cy_ble_hal_pvt.o
                0x100836b8                Cy_BLE_HAL_PairingDhkeyHandler
 .text.Cy_BLE_HAL_PairingDhkeyCheckHandler
                0x100836c0        0x8 .\CortexM4\ARM_GCC_541\Debug\cy_ble_hal_pvt.o
                0x100836c0                Cy_BLE_HAL_PairingDhkeyCheckHandler
 .text.Cy_BLE_HAL_PairingKeypressNotificationHandler
                0x100836c8        0x8 .\CortexM4\ARM_GCC_541\Debug\cy_ble_hal_pvt.o
                0x100836c8                Cy_BLE_HAL_PairingKeypressNotificationHandler
 .text.Cy_BLE_HAL_PairingRandHandler
                0x100836d0        0x8 .\CortexM4\ARM_GCC_541\Debug\cy_ble_hal_pvt.o
                0x100836d0                Cy_BLE_HAL_PairingRandHandler
 .text.Cy_BLE_HAL_PairingConfirmHandler
                0x100836d8        0x8 .\CortexM4\ARM_GCC_541\Debug\cy_ble_hal_pvt.o
                0x100836d8                Cy_BLE_HAL_PairingConfirmHandler
 .text.Cy_BLE_HAL_PairingLrConfirmingHandler
                0x100836e0        0x8 .\CortexM4\ARM_GCC_541\Debug\cy_ble_hal_pvt.o
                0x100836e0                Cy_BLE_HAL_PairingLrConfirmingHandler
 .text.Cy_BLE_HAL_PairingScTbxLocalPubkeyGenerateComplete
                0x100836e8        0x8 .\CortexM4\ARM_GCC_541\Debug\cy_ble_hal_pvt.o
                0x100836e8                Cy_BLE_HAL_PairingScTbxLocalPubkeyGenerateComplete
 .text.Cy_BLE_HAL_PairingScTbxGenerateLocalP256PublicKey
                0x100836f0        0x8 .\CortexM4\ARM_GCC_541\Debug\cy_ble_hal_pvt.o
                0x100836f0                Cy_BLE_HAL_PairingScTbxGenerateLocalP256PublicKey
 .text.Cy_BLE_HAL_SeSmpScUserPasskeyHandler
                0x100836f8        0x8 .\CortexM4\ARM_GCC_541\Debug\cy_ble_hal_pvt.o
                0x100836f8                Cy_BLE_HAL_SeSmpScUserPasskeyHandler
 .text.Cy_BLE_HAL_EccPointMult
                0x10083700        0x4 .\CortexM4\ARM_GCC_541\Debug\cy_ble_hal_pvt.o
                0x10083700                Cy_BLE_HAL_EccPointMult
 .text.Cy_BLE_ServiceInit
                0x10083704       0x24 .\CortexM4\ARM_GCC_541\Debug\cy_ble_gap.o
                0x10083704                Cy_BLE_ServiceInit
 .text.Cy_BLE_GAPP_StartAdvertisement
                0x10083728      0x120 .\CortexM4\ARM_GCC_541\Debug\cy_ble_gap.o
                0x10083728                Cy_BLE_GAPP_StartAdvertisement
 .text.Cy_BLE_ChangeAdDeviceAddress
                0x10083848       0x5c .\CortexM4\ARM_GCC_541\Debug\cy_ble_gap.o
                0x10083848                Cy_BLE_ChangeAdDeviceAddress
 .text.Cy_BLE_GATTS_WriteAttributeValueCCCD
                0x100838a4       0x50 .\CortexM4\ARM_GCC_541\Debug\cy_ble_gatt.o
                0x100838a4                Cy_BLE_GATTS_WriteAttributeValueCCCD
 .text.Cy_BLE_GATTS_WriteEventHandler
                0x100838f4       0x84 .\CortexM4\ARM_GCC_541\Debug\cy_ble_gatt.o
                0x100838f4                Cy_BLE_GATTS_WriteEventHandler
 .text.Cy_BLE_GATTS_ReadAttributeValueCCCDReqHandler
                0x10083978       0x58 .\CortexM4\ARM_GCC_541\Debug\cy_ble_gatt.o
                0x10083978                Cy_BLE_GATTS_ReadAttributeValueCCCDReqHandler
 .text.Cy_BLE_SendWriteResponse
                0x100839d0       0x44 .\CortexM4\ARM_GCC_541\Debug\cy_ble_event_handler.o
 .text.Cy_BLE_RegisterServiceEventHandler
                0x10083a14       0x60 .\CortexM4\ARM_GCC_541\Debug\cy_ble_event_handler.o
                0x10083a14                Cy_BLE_RegisterServiceEventHandler
 .text.Cy_BLE_InvokeServiceEventHandler
                0x10083a74       0x38 .\CortexM4\ARM_GCC_541\Debug\cy_ble_event_handler.o
                0x10083a74                Cy_BLE_InvokeServiceEventHandler
 .text.Cy_BLE_IsDeviceAddressValid
                0x10083aac       0x20 .\CortexM4\ARM_GCC_541\Debug\cy_ble_event_handler.o
                0x10083aac                Cy_BLE_IsDeviceAddressValid
 .text.Cy_BLE_EventHandler
                0x10083acc      0x634 .\CortexM4\ARM_GCC_541\Debug\cy_ble_event_handler.o
                0x10083acc                Cy_BLE_EventHandler
 .text.Cy_BLE_BASS_WriteEventHandler
                0x10084100       0xc4 .\CortexM4\ARM_GCC_541\Debug\cy_ble_bas.o
 .text.Cy_BLE_BAS_EventHandler
                0x100841c4       0x24 .\CortexM4\ARM_GCC_541\Debug\cy_ble_bas.o
 .text.Cy_BLE_BAS_Init
                0x100841e8       0x2c .\CortexM4\ARM_GCC_541\Debug\cy_ble_bas.o
                0x100841e8                Cy_BLE_BAS_Init
 .text.Cy_BLE_CUSTOM_EventHandler
                0x10084214        0x4 .\CortexM4\ARM_GCC_541\Debug\cy_ble_custom.o
 .text.Cy_BLE_CUSTOM_Init
                0x10084218       0x20 .\CortexM4\ARM_GCC_541\Debug\cy_ble_custom.o
                0x10084218                Cy_BLE_CUSTOM_Init
 .text.Cy_BLE_IASS_WriteCmdEventHandler
                0x10084238       0x80 .\CortexM4\ARM_GCC_541\Debug\cy_ble_ias.o
 .text.Cy_BLE_IASS_DisconnectEventHandler
                0x100842b8       0x3c .\CortexM4\ARM_GCC_541\Debug\cy_ble_ias.o
 .text.Cy_BLE_IAS_EventHandler
                0x100842f4       0x30 .\CortexM4\ARM_GCC_541\Debug\cy_ble_ias.o
 .text.Cy_BLE_IAS_Init
                0x10084324       0x2c .\CortexM4\ARM_GCC_541\Debug\cy_ble_ias.o
                0x10084324                Cy_BLE_IAS_Init
 .text.Cy_BLE_IAS_RegisterAttrCallback
                0x10084350       0x1c .\CortexM4\ARM_GCC_541\Debug\cy_ble_ias.o
                0x10084350                Cy_BLE_IAS_RegisterAttrCallback
 .text.memcmp   0x1008436c       0x1e c:/program files (x86)/cypress/psoc creator/4.4/psoc creator/import/gnu/arm/5.4.1/bin/../lib/gcc/arm-none-eabi/5.4.1/../../../../arm-none-eabi/lib/armv7e-m/softfp\libg_nano.a(lib_a-memcmp.o)
                0x1008436c                memcmp
 .text.memcpy   0x1008438a       0x16 c:/program files (x86)/cypress/psoc creator/4.4/psoc creator/import/gnu/arm/5.4.1/bin/../lib/gcc/arm-none-eabi/5.4.1/../../../../arm-none-eabi/lib/armv7e-m/softfp\libg_nano.a(lib_a-memcpy-stub.o)
                0x1008438a                memcpy
 .text.memset   0x100843a0       0x10 c:/program files (x86)/cypress/psoc creator/4.4/psoc creator/import/gnu/arm/5.4.1/bin/../lib/gcc/arm-none-eabi/5.4.1/../../../../arm-none-eabi/lib/armv7e-m/softfp\libg_nano.a(lib_a-memset.o)
                0x100843a0                memset
 .text.sprintf  0x100843b0       0x48 c:/program files (x86)/cypress/psoc creator/4.4/psoc creator/import/gnu/arm/5.4.1/bin/../lib/gcc/arm-none-eabi/5.4.1/../../../../arm-none-eabi/lib/armv7e-m/softfp\libg_nano.a(lib_a-sprintf.o)
                0x100843b0                siprintf
                0x100843b0                sprintf
 .text.strcpy   0x100843f8       0x10 c:/program files (x86)/cypress/psoc creator/4.4/psoc creator/import/gnu/arm/5.4.1/bin/../lib/gcc/arm-none-eabi/5.4.1/../../../../arm-none-eabi/lib/armv7e-m/softfp\libg_nano.a(lib_a-strcpy.o)
                0x100843f8                strcpy
 .text          0x10084408       0x10 c:/program files (x86)/cypress/psoc creator/4.4/psoc creator/import/gnu/arm/5.4.1/bin/../lib/gcc/arm-none-eabi/5.4.1/../../../../arm-none-eabi/lib/armv7e-m/softfp\libg_nano.a(lib_a-strlen.o)
                0x10084408                strlen
 .text.strncpy  0x10084418       0x26 c:/program files (x86)/cypress/psoc creator/4.4/psoc creator/import/gnu/arm/5.4.1/bin/../lib/gcc/arm-none-eabi/5.4.1/../../../../arm-none-eabi/lib/armv7e-m/softfp\libg_nano.a(lib_a-strncpy.o)
                0x10084418                strncpy
 *fill*         0x1008443e        0x2 
 .text.strtok   0x10084440       0x64 c:/program files (x86)/cypress/psoc creator/4.4/psoc creator/import/gnu/arm/5.4.1/bin/../lib/gcc/arm-none-eabi/5.4.1/../../../../arm-none-eabi/lib/armv7e-m/softfp\libg_nano.a(lib_a-strtok.o)
                0x10084440                strtok
 .text.__strtok_r
                0x100844a4       0x56 c:/program files (x86)/cypress/psoc creator/4.4/psoc creator/import/gnu/arm/5.4.1/bin/../lib/gcc/arm-none-eabi/5.4.1/../../../../arm-none-eabi/lib/armv7e-m/softfp\libg_nano.a(lib_a-strtok_r.o)
                0x100844a4                __strtok_r
 *fill*         0x100844fa        0x2 
 .text.malloc   0x100844fc       0x10 c:/program files (x86)/cypress/psoc creator/4.4/psoc creator/import/gnu/arm/5.4.1/bin/../lib/gcc/arm-none-eabi/5.4.1/../../../../arm-none-eabi/lib/armv7e-m/softfp\libg_nano.a(lib_a-malloc.o)
                0x100844fc                malloc
 .text._free_r  0x1008450c       0x9c c:/program files (x86)/cypress/psoc creator/4.4/psoc creator/import/gnu/arm/5.4.1/bin/../lib/gcc/arm-none-eabi/5.4.1/../../../../arm-none-eabi/lib/armv7e-m/softfp\libg_nano.a(lib_a-nano-freer.o)
                0x1008450c                _free_r
 .text._malloc_r
                0x100845a8       0xbc c:/program files (x86)/cypress/psoc creator/4.4/psoc creator/import/gnu/arm/5.4.1/bin/../lib/gcc/arm-none-eabi/5.4.1/../../../../arm-none-eabi/lib/armv7e-m/softfp\libg_nano.a(lib_a-nano-mallocr.o)
                0x100845a8                _malloc_r
 .text.__ssputs_r
                0x10084664       0xb2 c:/program files (x86)/cypress/psoc creator/4.4/psoc creator/import/gnu/arm/5.4.1/bin/../lib/gcc/arm-none-eabi/5.4.1/../../../../arm-none-eabi/lib/armv7e-m/softfp\libg_nano.a(lib_a-nano-svfprintf.o)
                0x10084664                __ssputs_r
 *fill*         0x10084716        0x2 
 .text._svfprintf_r
                0x10084718      0x1e8 c:/program files (x86)/cypress/psoc creator/4.4/psoc creator/import/gnu/arm/5.4.1/bin/../lib/gcc/arm-none-eabi/5.4.1/../../../../arm-none-eabi/lib/armv7e-m/softfp\libg_nano.a(lib_a-nano-svfprintf.o)
                0x10084718                _svfiprintf_r
                0x10084718                _svfprintf_r
 .text._printf_common
                0x10084900       0xec c:/program files (x86)/cypress/psoc creator/4.4/psoc creator/import/gnu/arm/5.4.1/bin/../lib/gcc/arm-none-eabi/5.4.1/../../../../arm-none-eabi/lib/armv7e-m/softfp\libg_nano.a(lib_a-nano-vfprintf_i.o)
                0x10084900                _printf_common
 .text._printf_i
                0x100849ec      0x24c c:/program files (x86)/cypress/psoc creator/4.4/psoc creator/import/gnu/arm/5.4.1/bin/../lib/gcc/arm-none-eabi/5.4.1/../../../../arm-none-eabi/lib/armv7e-m/softfp\libg_nano.a(lib_a-nano-vfprintf_i.o)
                0x100849ec                _printf_i
 .text._sbrk_r  0x10084c38       0x20 c:/program files (x86)/cypress/psoc creator/4.4/psoc creator/import/gnu/arm/5.4.1/bin/../lib/gcc/arm-none-eabi/5.4.1/../../../../arm-none-eabi/lib/armv7e-m/softfp\libg_nano.a(lib_a-sbrkr.o)
                0x10084c38                _sbrk_r
 *fill*         0x10084c58        0x8 
 .text          0x10084c60       0xa0 c:/program files (x86)/cypress/psoc creator/4.4/psoc creator/import/gnu/arm/5.4.1/bin/../lib/gcc/arm-none-eabi/5.4.1/../../../../arm-none-eabi/lib/armv7e-m/softfp\libg_nano.a(lib_a-memchr.o)
                0x10084c60                memchr
 .text.memmove  0x10084d00       0x36 c:/program files (x86)/cypress/psoc creator/4.4/psoc creator/import/gnu/arm/5.4.1/bin/../lib/gcc/arm-none-eabi/5.4.1/../../../../arm-none-eabi/lib/armv7e-m/softfp\libg_nano.a(lib_a-memmove.o)
                0x10084d00                memmove
 .text.__malloc_lock
                0x10084d36        0x2 c:/program files (x86)/cypress/psoc creator/4.4/psoc creator/import/gnu/arm/5.4.1/bin/../lib/gcc/arm-none-eabi/5.4.1/../../../../arm-none-eabi/lib/armv7e-m/softfp\libg_nano.a(lib_a-mlock.o)
                0x10084d36                __malloc_lock
 .text.__malloc_unlock
                0x10084d38        0x2 c:/program files (x86)/cypress/psoc creator/4.4/psoc creator/import/gnu/arm/5.4.1/bin/../lib/gcc/arm-none-eabi/5.4.1/../../../../arm-none-eabi/lib/armv7e-m/softfp\libg_nano.a(lib_a-mlock.o)
                0x10084d38                __malloc_unlock
 .text._realloc_r
                0x10084d3a       0x4c c:/program files (x86)/cypress/psoc creator/4.4/psoc creator/import/gnu/arm/5.4.1/bin/../lib/gcc/arm-none-eabi/5.4.1/../../../../arm-none-eabi/lib/armv7e-m/softfp\libg_nano.a(lib_a-nano-reallocr.o)
                0x10084d3a                _realloc_r
 .text._malloc_usable_size_r
                0x10084d86       0x14 c:/program files (x86)/cypress/psoc creator/4.4/psoc creator/import/gnu/arm/5.4.1/bin/../lib/gcc/arm-none-eabi/5.4.1/../../../../arm-none-eabi/lib/armv7e-m/softfp\libg_nano.a(lib_a-nano-msizer.o)
                0x10084d86                _malloc_usable_size_r
 *fill*         0x10084d9a        0x2 
 .text._sbrk    0x10084d9c       0x1c c:/program files (x86)/cypress/psoc creator/4.4/psoc creator/import/gnu/arm/5.4.1/bin/../lib/gcc/arm-none-eabi/5.4.1/../../../../arm-none-eabi/lib/armv7e-m/softfp\libnosys.a(sbrk.o)
                0x10084d9c                _sbrk
 *(.init)
 .init          0x10084db8        0x4 c:/program files (x86)/cypress/psoc creator/4.4/psoc creator/import/gnu/arm/5.4.1/bin/../lib/gcc/arm-none-eabi/5.4.1/armv7e-m/softfp/crti.o
                0x10084db8                _init
 .init          0x10084dbc        0x8 c:/program files (x86)/cypress/psoc creator/4.4/psoc creator/import/gnu/arm/5.4.1/bin/../lib/gcc/arm-none-eabi/5.4.1/armv7e-m/softfp/crtn.o
 *(.fini)
 .fini          0x10084dc4        0x4 c:/program files (x86)/cypress/psoc creator/4.4/psoc creator/import/gnu/arm/5.4.1/bin/../lib/gcc/arm-none-eabi/5.4.1/armv7e-m/softfp/crti.o
                0x10084dc4                _fini
 .fini          0x10084dc8        0x8 c:/program files (x86)/cypress/psoc creator/4.4/psoc creator/import/gnu/arm/5.4.1/bin/../lib/gcc/arm-none-eabi/5.4.1/armv7e-m/softfp/crtn.o
 *crtbegin.o(.ctors)
 *crtbegin?.o(.ctors)
 *(EXCLUDE_FILE(*crtend.o *crtend?.o) .ctors)
 *(SORT(.ctors.*))
 *(.ctors)
 *crtbegin.o(.dtors)
 *crtbegin?.o(.dtors)
 *(EXCLUDE_FILE(*crtend.o *crtend?.o) .dtors)
 *(SORT(.dtors.*))
 *(.dtors)
 *(.rodata .rodata.* .constdata .constdata.* .conststring .conststring.*)
 .rodata        0x10084dd0        0x8 .\CortexM4\ARM_GCC_541\Debug\main_cm4.o
                0x10084dd0                WDT_IRQ_cfg
 .rodata        0x10084dd8       0x34 .\CortexM4\ARM_GCC_541\Debug\system_psoc6_cm4.o
 .rodata        0x10084e0c      0x200 .\CortexM4\ARM_GCC_541\Debug\user_interface.o
                0x10084e0c                UI_MENU_ITEMS_MIN
                0x10084e34                UI_MENU_ITEMS_MAX
                0x10084e5c                UI_MAIN_MENU_ITEMS
                0x10084e80                UI_PRESETS_MENU_ITEMS
                0x10084ea8                UI_TEMP_MENU_ITEMS
                0x10084ee4                UI_VIBE_AMP_MENU_ITEMS
                0x10084f10                UI_VIBE_FREQ_MENU_ITEMS
                0x10084f38                UI_TENS_FREQ_MENU_ITEMS
                0x10084f60                UI_TENS_AMP_MENU_ITEMS
                0x10084f8c                UI_TENS_DUR_MENU_ITEMS
                0x10084fb4                UI_TITLES
                0x10084fdc                UI_MENU_ITEMS_INIT
                0x10085004                UI_DIAG_MENU_ITEMS
                0x10085008                UI_BLUETOOTH_MENU_ITEMS
 .rodata.str1.4
                0x1008500c      0x3dc .\CortexM4\ARM_GCC_541\Debug\user_interface.o
                                0x3e0 (size before relaxing)
 .rodata        0x100853e8      0x1e0 .\CortexM4\ARM_GCC_541\Debug\font.o
                0x100853e8                FONTS
 .rodata        0x100855c8       0x1e .\CortexM4\ARM_GCC_541\Debug\st7735.o
                0x100855c8                INIT_ST7735B
 *fill*         0x100855e6        0x2 
 .rodata.str1.4
                0x100855e8       0x3d .\CortexM4\ARM_GCC_541\Debug\power.o
 *fill*         0x10085625        0x3 
 .rodata        0x10085628      0x21a .\CortexM4\ARM_GCC_541\Debug\BLE_config.o
 *fill*         0x10085842        0x2 
 .rodata        0x10085844        0x4 .\CortexM4\ARM_GCC_541\Debug\BLE_ias_config.o
 .rodata        0x10085848        0x6 .\CortexM4\ARM_GCC_541\Debug\BLE_custom_config.o
 *fill*         0x1008584e        0x2 
 .rodata        0x10085850        0x8 .\CortexM4\ARM_GCC_541\Debug\BLE_bas_config.o
 .rodata        0x10085858       0x34 .\CortexM4\ARM_GCC_541\Debug\SPI.o
                0x10085858                SPI_config
 .rodata        0x1008588c       0x64 .\CortexM4\ARM_GCC_541\Debug\PWM_TENS.o
                0x1008588c                PWM_TENS_config
 .rodata        0x100858f0       0x64 .\CortexM4\ARM_GCC_541\Debug\PWM_FAN.o
                0x100858f0                PWM_FAN_config
 .rodata        0x10085954       0x64 .\CortexM4\ARM_GCC_541\Debug\LCD_PWM.o
                0x10085954                LCD_PWM_config
 .rodata.str1.4
                0x100859b8       0x3f .\CortexM4\ARM_GCC_541\Debug\cy_flash.o
 *fill*         0x100859f7        0x1 
 .rodata.str1.4
                0x100859f8       0x7f .\CortexM4\ARM_GCC_541\Debug\cy_ipc_drv.o
 .rodata.str1.4
                0x10085a77       0x3f .\CortexM4\ARM_GCC_541\Debug\cy_ipc_sema.o
 *fill*         0x10085a77        0x1 
 .rodata.str1.4
                0x10085a78       0x40 .\CortexM4\ARM_GCC_541\Debug\cy_ipc_pipe.o
                                 0x7f (size before relaxing)
 .rodata.str1.4
                0x10085ab8       0x83 .\CortexM4\ARM_GCC_541\Debug\cy_scb_spi.o
 *fill*         0x10085b3b        0x1 
 .rodata.str1.4
                0x10085b3c       0x41 .\CortexM4\ARM_GCC_541\Debug\cy_sysint.o
 *fill*         0x10085b7d        0x3 
 .rodata.str1.4
                0x10085b80       0x3f .\CortexM4\ARM_GCC_541\Debug\cy_syspm.o
                                 0x7f (size before relaxing)
 *fill*         0x10085bbf        0x1 
 .rodata.str1.4
                0x10085bc0       0x3b .\CortexM4\ARM_GCC_541\Debug\cy_wdt.o
 *fill*         0x10085bfb        0x1 
 .rodata        0x10085bfc      0x170 .\CortexM4\ARM_GCC_541\Debug\cy_device.o
                0x10085bfc                cy_deviceIpBlockCfgPSoC6_02
                0x10085cb4                cy_deviceIpBlockCfgPSoC6_01
 .rodata        0x10085d6c       0x14 .\CortexM4\ARM_GCC_541\Debug\cy_ble.o
 .rodata        0x10085d80      0x100 .\CortexM4\ARM_GCC_541\Debug\cy_ble_hal_pvt.o
 .rodata        0x10085e80        0x2 .\CortexM4\ARM_GCC_541\Debug\cy_ble_event_handler.o
 *fill*         0x10085e82        0x2 
 .rodata.str1.4
                0x10085e84       0x38 .\CortexM4\ARM_GCC_541\Debug\cy_ble_event_handler.o
                                 0x37 (size before relaxing)
 .constdata     0x10085ebc       0x18 Generated_Source\PSoC6\pdl\middleware\ble\lib\cy_ble_stack_gcc_host_ipc_cm4.a(BT_os.o)
                0x10085ebc                cyBleStackMemoryConfig
 .constdata     0x10085ed4       0x58 Generated_Source\PSoC6\pdl\middleware\ble\lib\cy_ble_stack_gcc_host_ipc_cm4.a(l2cap_init.o)
                0x10085ed4                l2cap_le_sig_handler
 .constdata     0x10085f2c       0x3c Generated_Source\PSoC6\pdl\middleware\ble\lib\cy_ble_stack_gcc_host_ipc_cm4.a(fsm_engine_pl.o)
                0x10085f2c                fsm_module_table
 .constdata     0x10085f68      0x110 Generated_Source\PSoC6\pdl\middleware\ble\lib\cy_ble_stack_gcc_host_ipc_cm4.a(gap_hci_iface.o)
                0x10085f68                hciCommandCompleteEventHandlers
 .constdata     0x10086078       0x20 Generated_Source\PSoC6\pdl\middleware\ble\lib\cy_ble_stack_gcc_host_ipc_cm4.a(gap_privacy.o)
 .constdata     0x10086098       0x32 Generated_Source\PSoC6\pdl\middleware\ble\lib\cy_ble_stack_gcc_host_ipc_cm4.a(smp_core.o)
                0x10086098                smp_iocap_assoc_map
                0x100860b1                smp_sc_iocap_assoc_map
 *fill*         0x100860ca        0x2 
 .constdata     0x100860cc        0xc Generated_Source\PSoC6\pdl\middleware\ble\lib\cy_ble_stack_gcc_host_ipc_cm4.a(smp_interface.o)
                0x100860cc                smp_event_fp
 .constdata     0x100860d8       0x22 Generated_Source\PSoC6\pdl\middleware\ble\lib\cy_ble_stack_gcc_host_ipc_cm4.a(smp_utils.o)
                0x100860d8                smp_event_map
 *fill*         0x100860fa        0x2 
 .constdata     0x100860fc       0xb4 Generated_Source\PSoC6\pdl\middleware\ble\lib\cy_ble_stack_gcc_host_ipc_cm4.a(smp_fsm_table.o)
                0x100860fc                smp_state_event_table
 .constdata     0x100861b0      0x110 Generated_Source\PSoC6\pdl\middleware\ble\lib\cy_ble_stack_gcc_host_ipc_cm4.a(smp_fsm_table.o)
                0x100861b0                smp_event_handler_table
 .constdata     0x100862c0       0x20 Generated_Source\PSoC6\pdl\middleware\ble\lib\cy_ble_stack_gcc_host_ipc_cm4.a(aes_cmac.o)
                0x100862c0                cmac_zero_data
                0x100862d0                cmac_rb_data
 .constdata     0x100862e0       0x60 Generated_Source\PSoC6\pdl\middleware\ble\lib\cy_ble_stack_gcc_host_ipc_cm4.a(att_fsm_table.o)
                0x100862e0                att_state_event_table
 .constdata     0x10086340       0x58 Generated_Source\PSoC6\pdl\middleware\ble\lib\cy_ble_stack_gcc_host_ipc_cm4.a(att_fsm_table.o)
                0x10086340                att_event_handler_table
 .rodata.str1.1
                0x10086398        0x2 c:/program files (x86)/cypress/psoc creator/4.4/psoc creator/import/gnu/arm/5.4.1/bin/../lib/gcc/arm-none-eabi/5.4.1/../../../../arm-none-eabi/lib/armv7e-m/softfp\libg_nano.a(lib_a-impure.o)
 .rodata.str1.1
                0x1008639a       0x11 c:/program files (x86)/cypress/psoc creator/4.4/psoc creator/import/gnu/arm/5.4.1/bin/../lib/gcc/arm-none-eabi/5.4.1/../../../../arm-none-eabi/lib/armv7e-m/softfp\libg_nano.a(lib_a-nano-svfprintf.o)
 .rodata.str1.1
                0x100863ab       0x22 c:/program files (x86)/cypress/psoc creator/4.4/psoc creator/import/gnu/arm/5.4.1/bin/../lib/gcc/arm-none-eabi/5.4.1/../../../../arm-none-eabi/lib/armv7e-m/softfp\libg_nano.a(lib_a-nano-vfprintf_i.o)
 *(.eh_frame*)
 *fill*         0x100863cd        0x3 
 .eh_frame      0x100863d0        0x0 c:/program files (x86)/cypress/psoc creator/4.4/psoc creator/import/gnu/arm/5.4.1/bin/../lib/gcc/arm-none-eabi/5.4.1/armv7e-m/softfp/crtbegin.o
 .eh_frame      0x100863d0        0x4 c:/program files (x86)/cypress/psoc creator/4.4/psoc creator/import/gnu/arm/5.4.1/bin/../lib/gcc/arm-none-eabi/5.4.1/armv7e-m/softfp/crtend.o

.glue_7         0x100863d4        0x0
 .glue_7        0x100863d4        0x0 linker stubs

.glue_7t        0x100863d4        0x0
 .glue_7t       0x100863d4        0x0 linker stubs

.vfp11_veneer   0x100863d4        0x0
 .vfp11_veneer  0x100863d4        0x0 linker stubs

.v4_bx          0x100863d4        0x0
 .v4_bx         0x100863d4        0x0 linker stubs

.iplt           0x100863d4        0x0
 .iplt          0x100863d4        0x0 c:/program files (x86)/cypress/psoc creator/4.4/psoc creator/import/gnu/arm/5.4.1/bin/../lib/gcc/arm-none-eabi/5.4.1/armv7e-m/softfp/crtbegin.o

i.CyBleStackMgr_Init
                0x100863d4       0xdc
 i.CyBleStackMgr_Init
                0x100863d4       0xdc Generated_Source\PSoC6\pdl\middleware\ble\lib\cy_ble_stack_gcc_host_ipc_cm4.a(CyBleStackMgrIP_Interface.o)
                0x100863d4                CyBleStackMgr_Init

i.CyBleStackMgr_ProcessBleEvents
                0x100864b0       0x14
 i.CyBleStackMgr_ProcessBleEvents
                0x100864b0       0x14 Generated_Source\PSoC6\pdl\middleware\ble\lib\cy_ble_stack_gcc_host_ipc_cm4.a(CyBleStackMgrIP_Interface.o)
                0x100864b0                CyBleStackMgr_ProcessBleEvents

i.CyBleStackMgr_Shutdown
                0x100864c4       0x20
 i.CyBleStackMgr_Shutdown
                0x100864c4       0x20 Generated_Source\PSoC6\pdl\middleware\ble\lib\cy_ble_stack_gcc_host_ipc_cm4.a(CyBleStackMgrIP_Interface.o)
                0x100864c4                CyBleStackMgr_Shutdown

i.CyBle_GetHeapMemory
                0x100864e4       0x3c
 i.CyBle_GetHeapMemory
                0x100864e4       0x3c Generated_Source\PSoC6\pdl\middleware\ble\lib\cy_ble_stack_gcc_host_ipc_cm4.a(CyBleStackMgrIP_Interface.o)
                0x100864e4                CyBle_GetHeapMemory

i.CyBle_GetNumAppBufferPools
                0x10086520        0xc
 i.CyBle_GetNumAppBufferPools
                0x10086520        0xc Generated_Source\PSoC6\pdl\middleware\ble\lib\cy_ble_stack_gcc_host_ipc_cm4.a(CyBleStackMgrIP_Interface.o)
                0x10086520                CyBle_GetNumAppBufferPools

i.CyBle_HostStackBufferPoolInit
                0x1008652c       0xc4
 i.CyBle_HostStackBufferPoolInit
                0x1008652c       0xc4 Generated_Source\PSoC6\pdl\middleware\ble\lib\cy_ble_stack_gcc_host_ipc_cm4.a(CyBleStackMgrIP_Interface.o)

i.CyBle_SortBufers
                0x100865f0       0x40
 i.CyBle_SortBufers
                0x100865f0       0x40 Generated_Source\PSoC6\pdl\middleware\ble\lib\cy_ble_stack_gcc_host_ipc_cm4.a(CyBleStackMgrIP_Interface.o)
                0x100865f0                CyBle_SortBufers

i.CyBle_StackGetConfigPtr
                0x10086630        0x8
 i.CyBle_StackGetConfigPtr
                0x10086630        0x8 Generated_Source\PSoC6\pdl\middleware\ble\lib\cy_ble_stack_gcc_host_ipc_cm4.a(CyBleStackMgrIP_Interface.o)
                0x10086630                CyBle_StackGetConfigPtr

i.Cy_BLE_ProcessEvents
                0x10086638        0x4
 i.Cy_BLE_ProcessEvents
                0x10086638        0x4 Generated_Source\PSoC6\pdl\middleware\ble\lib\cy_ble_stack_gcc_host_ipc_cm4.a(CyBleStackMgrIP_Interface.o)
                0x10086638                Cy_BLE_ProcessEvents

i.Cy_BLE_StackEnterLPM
                0x1008663c       0x16
 i.Cy_BLE_StackEnterLPM
                0x1008663c       0x16 Generated_Source\PSoC6\pdl\middleware\ble\lib\cy_ble_stack_gcc_host_ipc_cm4.a(CyBleStackMgrIP_Interface.o)
                0x1008663c                Cy_BLE_StackEnterLPM

i.Cy_BLE_StackGetBleSsState
                0x10086652        0x4
 i.Cy_BLE_StackGetBleSsState
                0x10086652        0x4 Generated_Source\PSoC6\pdl\middleware\ble\lib\cy_ble_stack_gcc_host_ipc_cm4.a(CyBleStackMgrIP_Interface.o)
                0x10086652                Cy_BLE_StackGetBleSsState

i.Cy_BLE_StackGetFeatureConfig
                0x10086658       0x20
 i.Cy_BLE_StackGetFeatureConfig
                0x10086658       0x20 Generated_Source\PSoC6\pdl\middleware\ble\lib\cy_ble_stack_gcc_host_ipc_cm4.a(CyBleStackMgrIP_Interface.o)
                0x10086658                Cy_BLE_StackGetFeatureConfig

i.Cy_BLE_StackInit
                0x10086678       0x70
 i.Cy_BLE_StackInit
                0x10086678       0x70 Generated_Source\PSoC6\pdl\middleware\ble\lib\cy_ble_stack_gcc_host_ipc_cm4.a(CyBleStackMgrIP_Interface.o)
                0x10086678                Cy_BLE_StackInit

i.Cy_BLE_StackSetFeatureConfig
                0x100866e8       0x54
 i.Cy_BLE_StackSetFeatureConfig
                0x100866e8       0x54 Generated_Source\PSoC6\pdl\middleware\ble\lib\cy_ble_stack_gcc_host_ipc_cm4.a(CyBleStackMgrIP_Interface.o)
                0x100866e8                Cy_BLE_StackSetFeatureConfig

i.ble_stack_idle_task_callback
                0x1008673c        0x2
 i.ble_stack_idle_task_callback
                0x1008673c        0x2 Generated_Source\PSoC6\pdl\middleware\ble\lib\cy_ble_stack_gcc_host_ipc_cm4.a(CyBleStackMgrIP_Interface.o)
                0x1008673c                ble_stack_idle_task_callback

i.BT_OSFreeBuf  0x10086740       0x20
 i.BT_OSFreeBuf
                0x10086740       0x20 Generated_Source\PSoC6\pdl\middleware\ble\lib\cy_ble_stack_gcc_host_ipc_cm4.a(BT_os.o)
                0x10086740                BT_OSFreeBuf

i.BT_OSGetBuF   0x10086760       0x30
 i.BT_OSGetBuF  0x10086760       0x30 Generated_Source\PSoC6\pdl\middleware\ble\lib\cy_ble_stack_gcc_host_ipc_cm4.a(BT_os.o)
                0x10086760                BT_OSGetBuF

i.BT_OSMemCreate
                0x10086790       0x3c
 i.BT_OSMemCreate
                0x10086790       0x3c Generated_Source\PSoC6\pdl\middleware\ble\lib\cy_ble_stack_gcc_host_ipc_cm4.a(BT_os.o)
                0x10086790                BT_OSMemCreate

i.BT_alloc_mem_ext
                0x100867cc       0x40
 i.BT_alloc_mem_ext
                0x100867cc       0x40 Generated_Source\PSoC6\pdl\middleware\ble\lib\cy_ble_stack_gcc_host_ipc_cm4.a(BT_os.o)
                0x100867cc                BT_alloc_mem_ext

i.BT_free_mem   0x1008680c        0xa
 i.BT_free_mem  0x1008680c        0xa Generated_Source\PSoC6\pdl\middleware\ble\lib\cy_ble_stack_gcc_host_ipc_cm4.a(BT_os.o)
                0x1008680c                BT_free_mem

i.bt_stack_create_buffer_pool
                0x10086818       0x2c
 i.bt_stack_create_buffer_pool
                0x10086818       0x2c Generated_Source\PSoC6\pdl\middleware\ble\lib\cy_ble_stack_gcc_host_ipc_cm4.a(BT_os.o)
                0x10086818                bt_stack_create_buffer_pool

i.CyBle_CreateBleStackTask
                0x10086844       0x30
 i.CyBle_CreateBleStackTask
                0x10086844       0x30 Generated_Source\PSoC6\pdl\middleware\ble\lib\cy_ble_stack_gcc_host_ipc_cm4.a(CyBleStackMgr_StackTaskHandler.o)
                0x10086844                CyBle_CreateBleStackTask

i.CyBle_SignalBleStackTask
                0x10086874       0x38
 i.CyBle_SignalBleStackTask
                0x10086874       0x38 Generated_Source\PSoC6\pdl\middleware\ble\lib\cy_ble_stack_gcc_host_ipc_cm4.a(CyBleStackMgr_StackTaskHandler.o)
                0x10086874                CyBle_SignalBleStackTask

i.CyBle_StackTaskHandler
                0x100868ac       0x74
 i.CyBle_StackTaskHandler
                0x100868ac       0x74 Generated_Source\PSoC6\pdl\middleware\ble\lib\cy_ble_stack_gcc_host_ipc_cm4.a(CyBleStackMgr_StackTaskHandler.o)
                0x100868ac                CyBle_StackTaskHandler

i.IsStackTaskFree
                0x10086920        0xc
 i.IsStackTaskFree
                0x10086920        0xc Generated_Source\PSoC6\pdl\middleware\ble\lib\cy_ble_stack_gcc_host_ipc_cm4.a(CyBleStackMgr_StackTaskHandler.o)
                0x10086920                IsStackTaskFree

i.storage_bt_init_pl
                0x1008692c       0x8c
 i.storage_bt_init_pl
                0x1008692c       0x8c Generated_Source\PSoC6\pdl\middleware\ble\lib\cy_ble_stack_gcc_host_ipc_cm4.a(storage_pl.o)
                0x1008692c                storage_bt_init_pl

i.storage_bt_reset_offset
                0x100869b8       0x3c
 i.storage_bt_reset_offset
                0x100869b8       0x3c Generated_Source\PSoC6\pdl\middleware\ble\lib\cy_ble_stack_gcc_host_ipc_cm4.a(storage_pl.o)
                0x100869b8                storage_bt_reset_offset

i.storage_manager_init
                0x100869f4       0x58
 i.storage_manager_init
                0x100869f4       0x58 Generated_Source\PSoC6\pdl\middleware\ble\lib\cy_ble_stack_gcc_host_ipc_cm4.a(storage_pl.o)
                0x100869f4                storage_manager_init

i.storage_manager_register_module
                0x10086a4c       0x68
 i.storage_manager_register_module
                0x10086a4c       0x68 Generated_Source\PSoC6\pdl\middleware\ble\lib\cy_ble_stack_gcc_host_ipc_cm4.a(storage_pl.o)
                0x10086a4c                storage_manager_register_module

i.storage_validate_init_params
                0x10086ab4       0x98
 i.storage_validate_init_params
                0x10086ab4       0x98 Generated_Source\PSoC6\pdl\middleware\ble\lib\cy_ble_stack_gcc_host_ipc_cm4.a(storage_pl.o)
                0x10086ab4                storage_validate_init_params

i.OS_init       0x10086b4c       0x64
 i.OS_init      0x10086b4c       0x64 Generated_Source\PSoC6\pdl\middleware\ble\lib\cy_ble_stack_gcc_host_ipc_cm4.a(mint_os.o)
                0x10086b4c                OS_init

i.OS_shutdown   0x10086bb0        0x4
 i.OS_shutdown  0x10086bb0        0x4 Generated_Source\PSoC6\pdl\middleware\ble\lib\cy_ble_stack_gcc_host_ipc_cm4.a(mint_os.o)
                0x10086bb0                OS_shutdown

i.mintos_malloc
                0x10086bb4       0x34
 i.mintos_malloc
                0x10086bb4       0x34 Generated_Source\PSoC6\pdl\middleware\ble\lib\cy_ble_stack_gcc_host_ipc_cm4.a(mint_os.o)
                0x10086bb4                mintos_malloc

i.OS_create_queue
                0x10086be8       0x74
 i.OS_create_queue
                0x10086be8       0x74 Generated_Source\PSoC6\pdl\middleware\ble\lib\cy_ble_stack_gcc_host_ipc_cm4.a(mint_os_queue.o)
                0x10086be8                OS_create_queue

i.OS_enqueue_item
                0x10086c5c       0x9c
 i.OS_enqueue_item
                0x10086c5c       0x9c Generated_Source\PSoC6\pdl\middleware\ble\lib\cy_ble_stack_gcc_host_ipc_cm4.a(mint_os_queue.o)
                0x10086c5c                OS_enqueue_item

i.OS_queue_get_num_of_items
                0x10086cf8       0x2c
 i.OS_queue_get_num_of_items
                0x10086cf8       0x2c Generated_Source\PSoC6\pdl\middleware\ble\lib\cy_ble_stack_gcc_host_ipc_cm4.a(mint_os_queue.o)
                0x10086cf8                OS_queue_get_num_of_items

i.OS_queue_mgmt_init
                0x10086d24       0x58
 i.OS_queue_mgmt_init
                0x10086d24       0x58 Generated_Source\PSoC6\pdl\middleware\ble\lib\cy_ble_stack_gcc_host_ipc_cm4.a(mint_os_queue.o)
                0x10086d24                OS_queue_mgmt_init

i.OS_remove_item
                0x10086d7c       0xb8
 i.OS_remove_item
                0x10086d7c       0xb8 Generated_Source\PSoC6\pdl\middleware\ble\lib\cy_ble_stack_gcc_host_ipc_cm4.a(mint_os_queue.o)
                0x10086d7c                OS_remove_item

i.OS_create_task
                0x10086e34       0x88
 i.OS_create_task
                0x10086e34       0x88 Generated_Source\PSoC6\pdl\middleware\ble\lib\cy_ble_stack_gcc_host_ipc_cm4.a(mint_os_task.o)
                0x10086e34                OS_create_task

i.OS_is_task_free
                0x10086ebc       0x30
 i.OS_is_task_free
                0x10086ebc       0x30 Generated_Source\PSoC6\pdl\middleware\ble\lib\cy_ble_stack_gcc_host_ipc_cm4.a(mint_os_task.o)
                0x10086ebc                OS_is_task_free

i.OS_scheduler  0x10086eec       0x64
 i.OS_scheduler
                0x10086eec       0x64 Generated_Source\PSoC6\pdl\middleware\ble\lib\cy_ble_stack_gcc_host_ipc_cm4.a(mint_os_task.o)
                0x10086eec                OS_scheduler

i.OS_send_signal_to_task
                0x10086f50        0xc
 i.OS_send_signal_to_task
                0x10086f50        0xc Generated_Source\PSoC6\pdl\middleware\ble\lib\cy_ble_stack_gcc_host_ipc_cm4.a(mint_os_task.o)
                0x10086f50                OS_send_signal_to_task

i.OS_send_signal_to_task_context
                0x10086f5c       0x3c
 i.OS_send_signal_to_task_context
                0x10086f5c       0x3c Generated_Source\PSoC6\pdl\middleware\ble\lib\cy_ble_stack_gcc_host_ipc_cm4.a(mint_os_task.o)

i.OS_task_mgmt_init
                0x10086f98       0x60
 i.OS_task_mgmt_init
                0x10086f98       0x60 Generated_Source\PSoC6\pdl\middleware\ble\lib\cy_ble_stack_gcc_host_ipc_cm4.a(mint_os_task.o)
                0x10086f98                OS_task_mgmt_init

i.mint_buf_mgmt_allocate_buffer
                0x10086ff8       0x54
 i.mint_buf_mgmt_allocate_buffer
                0x10086ff8       0x54 Generated_Source\PSoC6\pdl\middleware\ble\lib\cy_ble_stack_gcc_host_ipc_cm4.a(mint_buf_mgmt.o)
                0x10086ff8                mint_buf_mgmt_allocate_buffer

i.mint_buf_mgmt_create_pool
                0x1008704c       0xd4
 i.mint_buf_mgmt_create_pool
                0x1008704c       0xd4 Generated_Source\PSoC6\pdl\middleware\ble\lib\cy_ble_stack_gcc_host_ipc_cm4.a(mint_buf_mgmt.o)
                0x1008704c                mint_buf_mgmt_create_pool

i.mint_buf_mgmt_free_buffer
                0x10087120       0xac
 i.mint_buf_mgmt_free_buffer
                0x10087120       0xac Generated_Source\PSoC6\pdl\middleware\ble\lib\cy_ble_stack_gcc_host_ipc_cm4.a(mint_buf_mgmt.o)
                0x10087120                mint_buf_mgmt_free_buffer

i.mint_buf_mgmt_init
                0x100871cc       0x5c
 i.mint_buf_mgmt_init
                0x100871cc       0x5c Generated_Source\PSoC6\pdl\middleware\ble\lib\cy_ble_stack_gcc_host_ipc_cm4.a(mint_buf_mgmt.o)
                0x100871cc                mint_buf_mgmt_init

i.mint_buf_mgmt_malloc
                0x10087228       0x28
 i.mint_buf_mgmt_malloc
                0x10087228       0x28 Generated_Source\PSoC6\pdl\middleware\ble\lib\cy_ble_stack_gcc_host_ipc_cm4.a(mint_buf_mgmt.o)
                0x10087228                mint_buf_mgmt_malloc

i.mint_buf_mgmt_pl_init
                0x10087250       0x44
 i.mint_buf_mgmt_pl_init
                0x10087250       0x44 Generated_Source\PSoC6\pdl\middleware\ble\lib\cy_ble_stack_gcc_host_ipc_cm4.a(mint_buf_mgmt.o)
                0x10087250                mint_buf_mgmt_pl_init

i.mint_buf_mgmt_stack_init
                0x10087294       0x22
 i.mint_buf_mgmt_stack_init
                0x10087294       0x22 Generated_Source\PSoC6\pdl\middleware\ble\lib\cy_ble_stack_gcc_host_ipc_cm4.a(mint_buf_mgmt.o)
                0x10087294                mint_buf_mgmt_stack_init

i.mint_buf_mgmt_stack_pop
                0x100872b6       0x34
 i.mint_buf_mgmt_stack_pop
                0x100872b6       0x34 Generated_Source\PSoC6\pdl\middleware\ble\lib\cy_ble_stack_gcc_host_ipc_cm4.a(mint_buf_mgmt.o)
                0x100872b6                mint_buf_mgmt_stack_pop

i.mint_buf_mgmt_stack_push
                0x100872ea       0x34
 i.mint_buf_mgmt_stack_push
                0x100872ea       0x34 Generated_Source\PSoC6\pdl\middleware\ble\lib\cy_ble_stack_gcc_host_ipc_cm4.a(mint_buf_mgmt.o)
                0x100872ea                mint_buf_mgmt_stack_push

i.mint_buf_mgmt_stack_search_item
                0x1008731e       0x2e
 i.mint_buf_mgmt_stack_search_item
                0x1008731e       0x2e Generated_Source\PSoC6\pdl\middleware\ble\lib\cy_ble_stack_gcc_host_ipc_cm4.a(mint_buf_mgmt.o)
                0x1008731e                mint_buf_mgmt_stack_search_item

i.CyBleHost_HciIpcFreePktBuffer
                0x1008734c       0x2e
 i.CyBleHost_HciIpcFreePktBuffer
                0x1008734c       0x2e Generated_Source\PSoC6\pdl\middleware\ble\lib\cy_ble_stack_gcc_host_ipc_cm4.a(transport_ipc.o)
                0x1008734c                CyBleHost_HciIpcFreePktBuffer

i.CyBleHost_HciIpcMsgCompleteReceive
                0x1008737c       0x28
 i.CyBleHost_HciIpcMsgCompleteReceive
                0x1008737c       0x28 Generated_Source\PSoC6\pdl\middleware\ble\lib\cy_ble_stack_gcc_host_ipc_cm4.a(transport_ipc.o)
                0x1008737c                CyBleHost_HciIpcMsgCompleteReceive

i.CyBleHost_HciIpcMsgReceive
                0x100873a4       0x28
 i.CyBleHost_HciIpcMsgReceive
                0x100873a4       0x28 Generated_Source\PSoC6\pdl\middleware\ble\lib\cy_ble_stack_gcc_host_ipc_cm4.a(transport_ipc.o)
                0x100873a4                CyBleHost_HciIpcMsgReceive

i.hci_transport_bt_shutdown
                0x100873cc        0x4
 i.hci_transport_bt_shutdown
                0x100873cc        0x4 Generated_Source\PSoC6\pdl\middleware\ble\lib\cy_ble_stack_gcc_host_ipc_cm4.a(transport_ipc.o)
                0x100873cc                hci_transport_bt_shutdown

i.hci_transport_init
                0x100873d0       0x10
 i.hci_transport_init
                0x100873d0       0x10 Generated_Source\PSoC6\pdl\middleware\ble\lib\cy_ble_stack_gcc_host_ipc_cm4.a(transport_ipc.o)
                0x100873d0                hci_transport_init

i.hci_transport_write_data
                0x100873e0       0x9c
 i.hci_transport_write_data
                0x100873e0       0x9c Generated_Source\PSoC6\pdl\middleware\ble\lib\cy_ble_stack_gcc_host_ipc_cm4.a(transport_ipc.o)
                0x100873e0                hci_transport_write_data

i.CyBleHost_IPC_HAL_Init
                0x1008747c       0x40
 i.CyBleHost_IPC_HAL_Init
                0x1008747c       0x40 Generated_Source\PSoC6\pdl\middleware\ble\lib\cy_ble_stack_gcc_host_ipc_cm4.a(CyBleStackMgr_PSoCIPCHal.o)
                0x1008747c                CyBleHost_IPC_HAL_Init

i.CyBleHost_IPC_HAL_InitWithStaticMem
                0x100874bc        0xc
 i.CyBleHost_IPC_HAL_InitWithStaticMem
                0x100874bc        0xc Generated_Source\PSoC6\pdl\middleware\ble\lib\cy_ble_stack_gcc_host_ipc_cm4.a(CyBleStackMgr_PSoCIPCHal.o)
                0x100874bc                CyBleHost_IPC_HAL_InitWithStaticMem

i.CyBleHost_IPC_HAL_IsQueueEmpty
                0x100874c8       0x24
 i.CyBleHost_IPC_HAL_IsQueueEmpty
                0x100874c8       0x24 Generated_Source\PSoC6\pdl\middleware\ble\lib\cy_ble_stack_gcc_host_ipc_cm4.a(CyBleStackMgr_PSoCIPCHal.o)
                0x100874c8                CyBleHost_IPC_HAL_IsQueueEmpty

i.CyBleHost_IPC_HAL_PipeReleaseCallback
                0x100874ec       0x1c
 i.CyBleHost_IPC_HAL_PipeReleaseCallback
                0x100874ec       0x1c Generated_Source\PSoC6\pdl\middleware\ble\lib\cy_ble_stack_gcc_host_ipc_cm4.a(CyBleStackMgr_PSoCIPCHal.o)

i.CyBleHost_IPC_HAL_ProcessMsgQ
                0x10087508       0x3c
 i.CyBleHost_IPC_HAL_ProcessMsgQ
                0x10087508       0x3c Generated_Source\PSoC6\pdl\middleware\ble\lib\cy_ble_stack_gcc_host_ipc_cm4.a(CyBleStackMgr_PSoCIPCHal.o)
                0x10087508                CyBleHost_IPC_HAL_ProcessMsgQ

i.CyBleHost_IPC_HAL_PushMessage
                0x10087544       0x48
 i.CyBleHost_IPC_HAL_PushMessage
                0x10087544       0x48 Generated_Source\PSoC6\pdl\middleware\ble\lib\cy_ble_stack_gcc_host_ipc_cm4.a(CyBleStackMgr_PSoCIPCHal.o)

i.CyBleHost_IPC_HAL_Reset
                0x1008758c       0x30
 i.CyBleHost_IPC_HAL_Reset
                0x1008758c       0x30 Generated_Source\PSoC6\pdl\middleware\ble\lib\cy_ble_stack_gcc_host_ipc_cm4.a(CyBleStackMgr_PSoCIPCHal.o)
                0x1008758c                CyBleHost_IPC_HAL_Reset

i.CyBleHost_IPC_HAL_SendEnqueue
                0x100875bc       0x10
 i.CyBleHost_IPC_HAL_SendEnqueue
                0x100875bc       0x10 Generated_Source\PSoC6\pdl\middleware\ble\lib\cy_ble_stack_gcc_host_ipc_cm4.a(CyBleStackMgr_PSoCIPCHal.o)
                0x100875bc                CyBleHost_IPC_HAL_SendEnqueue

i.CyBle_BluetoothOnCmptCB
                0x100875cc       0x60
 i.CyBle_BluetoothOnCmptCB
                0x100875cc       0x60 Generated_Source\PSoC6\pdl\middleware\ble\lib\cy_ble_stack_gcc_host_ipc_cm4.a(host_main.o)

i.CyBle_HostDisableFeatures
                0x1008762c       0x12
 i.CyBle_HostDisableFeatures
                0x1008762c       0x12 Generated_Source\PSoC6\pdl\middleware\ble\lib\cy_ble_stack_gcc_host_ipc_cm4.a(host_main.o)
                0x1008762c                CyBle_HostDisableFeatures

i.CyBle_HostInit
                0x10087640       0x68
 i.CyBle_HostInit
                0x10087640       0x68 Generated_Source\PSoC6\pdl\middleware\ble\lib\cy_ble_stack_gcc_host_ipc_cm4.a(host_main.o)
                0x10087640                CyBle_HostInit

i.CyBle_HostIsStackFree
                0x100876a8       0x16
 i.CyBle_HostIsStackFree
                0x100876a8       0x16 Generated_Source\PSoC6\pdl\middleware\ble\lib\cy_ble_stack_gcc_host_ipc_cm4.a(host_main.o)
                0x100876a8                CyBle_HostIsStackFree

i.CyBle_HostSetFeatureConfig
                0x100876c0       0x80
 i.CyBle_HostSetFeatureConfig
                0x100876c0       0x80 Generated_Source\PSoC6\pdl\middleware\ble\lib\cy_ble_stack_gcc_host_ipc_cm4.a(host_main.o)
                0x100876c0                CyBle_HostSetFeatureConfig

i.CyBle_HostStackHeapDeInit
                0x10087740       0x1e
 i.CyBle_HostStackHeapDeInit
                0x10087740       0x1e Generated_Source\PSoC6\pdl\middleware\ble\lib\cy_ble_stack_gcc_host_ipc_cm4.a(host_main.o)
                0x10087740                CyBle_HostStackHeapDeInit

i.CyBle_HostStackHeapInit
                0x10087760       0x4c
 i.CyBle_HostStackHeapInit
                0x10087760       0x4c Generated_Source\PSoC6\pdl\middleware\ble\lib\cy_ble_stack_gcc_host_ipc_cm4.a(host_main.o)
                0x10087760                CyBle_HostStackHeapInit

i.CyBle_HostStackInit
                0x100877ac       0x30
 i.CyBle_HostStackInit
                0x100877ac       0x30 Generated_Source\PSoC6\pdl\middleware\ble\lib\cy_ble_stack_gcc_host_ipc_cm4.a(host_main.o)
                0x100877ac                CyBle_HostStackInit

i.CyBle_HostStackOn
                0x100877dc       0x30
 i.CyBle_HostStackOn
                0x100877dc       0x30 Generated_Source\PSoC6\pdl\middleware\ble\lib\cy_ble_stack_gcc_host_ipc_cm4.a(host_main.o)

i.CyBle_HostValidateAppBuffers
                0x1008780c       0x4c
 i.CyBle_HostValidateAppBuffers
                0x1008780c       0x4c Generated_Source\PSoC6\pdl\middleware\ble\lib\cy_ble_stack_gcc_host_ipc_cm4.a(host_main.o)
                0x1008780c                CyBle_HostValidateAppBuffers

i.CyBle_HostValidateInputParams
                0x10087858       0xc4
 i.CyBle_HostValidateInputParams
                0x10087858       0xc4 Generated_Source\PSoC6\pdl\middleware\ble\lib\cy_ble_stack_gcc_host_ipc_cm4.a(host_main.o)
                0x10087858                CyBle_HostValidateInputParams

i.CyBle_SendEvToApp
                0x1008791c       0x14
 i.CyBle_SendEvToApp
                0x1008791c       0x14 Generated_Source\PSoC6\pdl\middleware\ble\lib\cy_ble_stack_gcc_host_ipc_cm4.a(host_main.o)
                0x1008791c                CyBle_SendEvToApp

i.CyBle_ShutdownResetComplete
                0x10087930       0x78
 i.CyBle_ShutdownResetComplete
                0x10087930       0x78 Generated_Source\PSoC6\pdl\middleware\ble\lib\cy_ble_stack_gcc_host_ipc_cm4.a(host_main.o)
                0x10087930                CyBle_ShutdownResetComplete

i.CyBle_StackResetGlobalVariables
                0x100879a8       0x14
 i.CyBle_StackResetGlobalVariables
                0x100879a8       0x14 Generated_Source\PSoC6\pdl\middleware\ble\lib\cy_ble_stack_gcc_host_ipc_cm4.a(host_main.o)

i.CyBle_StackResetShutdown
                0x100879bc        0xa
 i.CyBle_StackResetShutdown
                0x100879bc        0xa Generated_Source\PSoC6\pdl\middleware\ble\lib\cy_ble_stack_gcc_host_ipc_cm4.a(host_main.o)

i.CyBle_TimerExpiryHandler
                0x100879c8       0x2c
 i.CyBle_TimerExpiryHandler
                0x100879c8       0x2c Generated_Source\PSoC6\pdl\middleware\ble\lib\cy_ble_stack_gcc_host_ipc_cm4.a(host_main.o)

i.Cy_BLE_StackShutdown
                0x100879f4       0x20
 i.Cy_BLE_StackShutdown
                0x100879f4       0x20 Generated_Source\PSoC6\pdl\middleware\ble\lib\cy_ble_stack_gcc_host_ipc_cm4.a(host_main.o)
                0x100879f4                Cy_BLE_StackShutdown

i.Cy_BLE_StartTimer
                0x10087a14       0x40
 i.Cy_BLE_StartTimer
                0x10087a14       0x40 Generated_Source\PSoC6\pdl\middleware\ble\lib\cy_ble_stack_gcc_host_ipc_cm4.a(host_main.o)
                0x10087a14                Cy_BLE_StartTimer

i.BT_att_access_mtu
                0x10087a54       0x24
 i.BT_att_access_mtu
                0x10087a54       0x24 Generated_Source\PSoC6\pdl\middleware\ble\lib\cy_ble_stack_gcc_host_ipc_cm4.a(att_api.o)
                0x10087a54                BT_att_access_mtu

i.BT_att_check_connected_state
                0x10087a78       0x38
 i.BT_att_check_connected_state
                0x10087a78       0x38 Generated_Source\PSoC6\pdl\middleware\ble\lib\cy_ble_stack_gcc_host_ipc_cm4.a(att_api.o)
                0x10087a78                BT_att_check_connected_state

i.BT_att_get_att_handle_from_device_id
                0x10087ab0       0x34
 i.BT_att_get_att_handle_from_device_id
                0x10087ab0       0x34 Generated_Source\PSoC6\pdl\middleware\ble\lib\cy_ble_stack_gcc_host_ipc_cm4.a(att_api.o)
                0x10087ab0                BT_att_get_att_handle_from_device_id

i.BT_att_get_stop_long_procedure_state
                0x10087ae4       0x10
 i.BT_att_get_stop_long_procedure_state